Component: ARM Compiler 5.06 update 5 (build 528) Tool: armlink [4d35e2]

==============================================================================

Section Cross References

    adc.o(i.ADC1_IRQHandler) refers to stm32f0xx_adc.o(i.ADC_GetITStatus) for ADC_GetITStatus
    adc.o(i.ADC1_IRQHandler) refers to stm32f0xx_adc.o(i.ADC_ClearITPendingBit) for ADC_ClearITPendingBit
    adc.o(i.ADC1_IRQHandler) refers to aeabi_sdiv.o(.text) for __aeabi_idivmod
    adc.o(i.ADC1_IRQHandler) refers to main.o(i.flash_erase) for flash_erase
    adc.o(i.ADC1_IRQHandler) refers to main.o(i.flash_prog_all) for flash_prog_all
    adc.o(i.ADC1_IRQHandler) refers to stm32f0xx_gpio.o(i.GPIO_ResetBits) for GPIO_ResetBits
    adc.o(i.ADC1_IRQHandler) refers to stm32f0xx_gpio.o(i.GPIO_SetBits) for GPIO_SetBits
    adc.o(i.ADC1_IRQHandler) refers to main.o(.data) for analog_tot
    adc.o(i.ADC1_IRQHandler) refers to main.o(.data) for analog_count
    adc.o(i.ADC1_IRQHandler) refers to main.o(.data) for level
    adc.o(i.ADC1_IRQHandler) refers to main.o(.data) for min
    adc.o(i.ADC1_IRQHandler) refers to main.o(.data) for percent
    adc.o(i.ADC1_IRQHandler) refers to main.o(.data) for press
    adc.o(i.ADC1_IRQHandler) refers to main.o(.data) for w_morg
    adc.o(i.ADC1_IRQHandler) refers to main.o(.data) for lvl_out
    adc.o(i.ADC1_IRQHandler) refers to main.o(.data) for morg
    adc.o(i.Init_ADC) refers to stm32f0xx_adc.o(i.ADC_StructInit) for ADC_StructInit
    adc.o(i.Init_ADC) refers to stm32f0xx_adc.o(i.ADC_Init) for ADC_Init
    adc.o(i.Init_ADC) refers to stm32f0xx_adc.o(i.ADC_ChannelConfig) for ADC_ChannelConfig
    adc.o(i.Init_ADC) refers to stm32f0xx_adc.o(i.ADC_GetCalibrationFactor) for ADC_GetCalibrationFactor
    adc.o(i.Init_ADC) refers to stm32f0xx_adc.o(i.ADC_ITConfig) for ADC_ITConfig
    adc.o(i.Init_ADC) refers to stm32f0xx_misc.o(i.NVIC_Init) for NVIC_Init
    adc.o(i.Init_ADC) refers to stm32f0xx_adc.o(i.ADC_Cmd) for ADC_Cmd
    adc.o(i.Init_ADC) refers to stm32f0xx_adc.o(i.ADC_GetFlagStatus) for ADC_GetFlagStatus
    adc.o(i.Init_ADC) refers to stm32f0xx_adc.o(i.ADC_StartOfConversion) for ADC_StartOfConversion
    adc.o(i.Init_ADC) refers to main.o(.bss) for ADC_InitStructure
    adc.o(i.Init_ADC) refers to main.o(.data) for NVIC_InitStructure
    can.o(i.CEC_CAN_IRQHandler) refers to stm32f0xx_can.o(i.CAN_GetITStatus) for CAN_GetITStatus
    can.o(i.CEC_CAN_IRQHandler) refers to stm32f0xx_can.o(i.CAN_ClearITPendingBit) for CAN_ClearITPendingBit
    can.o(i.CEC_CAN_IRQHandler) refers to stm32f0xx_can.o(i.CAN_Receive) for CAN_Receive
    can.o(i.Init_CAN) refers to stm32f0xx_can.o(i.CAN_DeInit) for CAN_DeInit
    can.o(i.Init_CAN) refers to stm32f0xx_can.o(i.CAN_Init) for CAN_Init
    can.o(i.Init_CAN) refers to stm32f0xx_can.o(i.CAN_ITConfig) for CAN_ITConfig
    can.o(i.Init_CAN) refers to stm32f0xx_can.o(i.CAN_FilterInit) for CAN_FilterInit
    can.o(i.Init_CAN) refers to stm32f0xx_misc.o(i.NVIC_Init) for NVIC_Init
    can.o(i.Init_CAN) refers to main.o(.bss) for CAN_InitStructure
    can.o(i.Init_CAN) refers to main.o(.bss) for CAN_FilterInitStructure
    can.o(i.Init_CAN) refers to main.o(.data) for NVIC_InitStructure
    gpio.o(i.Init_GPIO) refers to stm32f0xx_gpio.o(i.GPIO_StructInit) for GPIO_StructInit
    gpio.o(i.Init_GPIO) refers to stm32f0xx_gpio.o(i.GPIO_Init) for GPIO_Init
    gpio.o(i.Init_GPIO) refers to stm32f0xx_gpio.o(i.GPIO_PinAFConfig) for GPIO_PinAFConfig
    gpio.o(i.Init_GPIO) refers to main.o(.data) for GPIO_InitStructure
    main.o(i.flash_prog_all) refers to main.o(.data) for .data
    main.o(i.main) refers to aeabi_sdiv.o(.text) for __aeabi_idivmod
    main.o(i.main) refers to rcc.o(i.Init_IWDG) for Init_IWDG
    main.o(i.main) refers to rcc.o(i.Init_RCC) for Init_RCC
    main.o(i.main) refers to gpio.o(i.Init_GPIO) for Init_GPIO
    main.o(i.main) refers to adc.o(i.Init_ADC) for Init_ADC
    main.o(i.main) refers to can.o(i.Init_CAN) for Init_CAN
    main.o(i.main) refers to timer.o(i.Init_Timer) for Init_Timer
    main.o(i.main) refers to main.o(.data) for .data
    rcc.o(i.Init_IWDG) refers to stm32f0xx_iwdg.o(i.IWDG_Enable) for IWDG_Enable
    rcc.o(i.Init_IWDG) refers to stm32f0xx_iwdg.o(i.IWDG_WriteAccessCmd) for IWDG_WriteAccessCmd
    rcc.o(i.Init_IWDG) refers to stm32f0xx_iwdg.o(i.IWDG_SetPrescaler) for IWDG_SetPrescaler
    rcc.o(i.Init_IWDG) refers to stm32f0xx_iwdg.o(i.IWDG_SetReload) for IWDG_SetReload
    rcc.o(i.Init_IWDG) refers to stm32f0xx_iwdg.o(i.IWDG_ReloadCounter) for IWDG_ReloadCounter
    rcc.o(i.Init_RCC) refers to stm32f0xx_rcc.o(i.RCC_AHBPeriphClockCmd) for RCC_AHBPeriphClockCmd
    rcc.o(i.Init_RCC) refers to stm32f0xx_rcc.o(i.RCC_APB1PeriphClockCmd) for RCC_APB1PeriphClockCmd
    rcc.o(i.Init_RCC) refers to stm32f0xx_rcc.o(i.RCC_APB2PeriphClockCmd) for RCC_APB2PeriphClockCmd
    timer.o(i.Init_Timer) refers to stm32f0xx_misc.o(i.NVIC_Init) for NVIC_Init
    timer.o(i.Init_Timer) refers to main.o(.data) for NVIC_InitStructure
    timer.o(i.TIM14_IRQHandler) refers to main.o(.data) for can_error
    timer.o(i.TIM14_IRQHandler) refers to main.o(.data) for can_ctrl
    timer.o(i.TIM14_IRQHandler) refers to main.o(.data) for can_error_mask
    timer.o(i.TIM14_IRQHandler) refers to main.o(.data) for morg
    timer.o(i.TIM17_IRQHandler) refers to stm32f0xx_iwdg.o(i.IWDG_ReloadCounter) for IWDG_ReloadCounter
    timer.o(i.TIM17_IRQHandler) refers to stm32f0xx_can.o(i.CAN_Transmit) for CAN_Transmit
    timer.o(i.TIM17_IRQHandler) refers to stm32f0xx_can.o(i.CAN_GetLastErrorCode) for CAN_GetLastErrorCode
    timer.o(i.TIM17_IRQHandler) refers to stm32f0xx_adc.o(i.ADC_StartOfConversion) for ADC_StartOfConversion
    timer.o(i.TIM17_IRQHandler) refers to main.o(.data) for tmr
    timer.o(i.TIM17_IRQHandler) refers to main.o(.bss) for TxMessage
    timer.o(i.TIM17_IRQHandler) refers to main.o(.data) for percent
    stm32f0xx_rcc.o(i.RCC_GetClocksFreq) refers to aeabi_sdiv.o(.text) for __aeabi_uidivmod
    stm32f0xx_rcc.o(i.RCC_GetClocksFreq) refers to stm32f0xx_rcc.o(.data) for .data
    stm32f0xx_rcc.o(i.RCC_WaitForHSEStartUp) refers to stm32f0xx_rcc.o(i.RCC_GetFlagStatus) for RCC_GetFlagStatus
    stm32f0xx_gpio.o(i.GPIO_DeInit) refers to stm32f0xx_rcc.o(i.RCC_AHBPeriphResetCmd) for RCC_AHBPeriphResetCmd
    stm32f0xx_can.o(i.CAN_DeInit) refers to stm32f0xx_rcc.o(i.RCC_APB1PeriphResetCmd) for RCC_APB1PeriphResetCmd
    stm32f0xx_can.o(i.CAN_GetITStatus) refers to stm32f0xx_can.o(i.CheckITStatus) for CheckITStatus
    stm32f0xx_adc.o(i.ADC_DeInit) refers to stm32f0xx_rcc.o(i.RCC_APB2PeriphResetCmd) for RCC_APB2PeriphResetCmd
    startup_stm32f042x6.o(STACK) refers (Special) to heapauxi.o(.text) for __use_two_region_memory
    startup_stm32f042x6.o(HEAP) refers (Special) to heapauxi.o(.text) for __use_two_region_memory
    startup_stm32f042x6.o(RESET) refers (Special) to heapauxi.o(.text) for __use_two_region_memory
    startup_stm32f042x6.o(RESET) refers to startup_stm32f042x6.o(STACK) for __initial_sp
    startup_stm32f042x6.o(RESET) refers to startup_stm32f042x6.o(.text) for Reset_Handler
    startup_stm32f042x6.o(RESET) refers to adc.o(i.ADC1_IRQHandler) for ADC1_IRQHandler
    startup_stm32f042x6.o(RESET) refers to timer.o(i.TIM14_IRQHandler) for TIM14_IRQHandler
    startup_stm32f042x6.o(RESET) refers to timer.o(i.TIM17_IRQHandler) for TIM17_IRQHandler
    startup_stm32f042x6.o(RESET) refers to can.o(i.CEC_CAN_IRQHandler) for CEC_CAN_IRQHandler
    startup_stm32f042x6.o(.text) refers (Special) to heapauxi.o(.text) for __use_two_region_memory
    startup_stm32f042x6.o(.text) refers to startup_stm32f042x6.o(STACK) for __initial_sp
    startup_stm32f042x6.o(.text) refers to system_stm32f0xx_1.o(i.SystemInit) for SystemInit
    startup_stm32f042x6.o(.text) refers to __main.o(!!!main) for __main
    startup_stm32f042x6.o(.text) refers to startup_stm32f042x6.o(HEAP) for Heap_Mem
    system_stm32f0xx_1.o(i.SystemCoreClockUpdate) refers to aeabi_sdiv.o(.text) for __aeabi_uidivmod
    system_stm32f0xx_1.o(i.SystemCoreClockUpdate) refers to system_stm32f0xx_1.o(.data) for .data
    system_stm32f0xx_1.o(i.SystemInit) refers to system_stm32f0xx_1.o(i.SetSysClock) for SetSysClock
    __main.o(!!!main) refers to __rtentry.o(.ARM.Collect$$rtentry$$00000000) for __rt_entry
    __rtentry.o(.ARM.Collect$$rtentry$$00000000) refers (Special) to __rtentry2.o(.ARM.Collect$$rtentry$$0000000A) for __rt_entry_li
    __rtentry.o(.ARM.Collect$$rtentry$$00000000) refers (Special) to __rtentry2.o(.ARM.Collect$$rtentry$$0000000D) for __rt_entry_main
    __rtentry.o(.ARM.Collect$$rtentry$$00000000) refers (Special) to __rtentry2.o(.ARM.Collect$$rtentry$$0000000C) for __rt_entry_postli_1
    __rtentry.o(.ARM.Collect$$rtentry$$00000000) refers (Special) to __rtentry2.o(.ARM.Collect$$rtentry$$00000009) for __rt_entry_postsh_1
    __rtentry.o(.ARM.Collect$$rtentry$$00000000) refers (Special) to __rtentry2.o(.ARM.Collect$$rtentry$$00000002) for __rt_entry_presh_1
    __rtentry.o(.ARM.Collect$$rtentry$$00000000) refers (Special) to __rtentry4.o(.ARM.Collect$$rtentry$$00000004) for __rt_entry_sh
    aeabi_idiv0_sigfpe.o(.text) refers to rt_div0.o(.text) for __rt_div0
    __rtentry2.o(.ARM.Collect$$rtentry$$00000008) refers to boardinit2.o(.text) for _platform_post_stackheap_init
    __rtentry2.o(.ARM.Collect$$rtentry$$0000000A) refers to libinit.o(.ARM.Collect$$libinit$$00000000) for __rt_lib_init
    __rtentry2.o(.ARM.Collect$$rtentry$$0000000B) refers to boardinit3.o(.text) for _platform_post_lib_init
    __rtentry2.o(.ARM.Collect$$rtentry$$0000000D) refers to main.o(i.main) for main
    __rtentry2.o(.ARM.Collect$$rtentry$$0000000D) refers to exit.o(.text) for exit
    __rtentry2.o(.ARM.exidx) refers to __rtentry2.o(.ARM.Collect$$rtentry$$00000001) for .ARM.Collect$$rtentry$$00000001
    __rtentry2.o(.ARM.exidx) refers to __rtentry2.o(.ARM.Collect$$rtentry$$00000008) for .ARM.Collect$$rtentry$$00000008
    __rtentry2.o(.ARM.exidx) refers to __rtentry2.o(.ARM.Collect$$rtentry$$0000000A) for .ARM.Collect$$rtentry$$0000000A
    __rtentry2.o(.ARM.exidx) refers to __rtentry2.o(.ARM.Collect$$rtentry$$0000000B) for .ARM.Collect$$rtentry$$0000000B
    __rtentry2.o(.ARM.exidx) refers to __rtentry2.o(.ARM.Collect$$rtentry$$0000000D) for .ARM.Collect$$rtentry$$0000000D
    __rtentry4.o(.ARM.Collect$$rtentry$$00000004) refers to sys_stackheap_outer.o(.text) for __user_setup_stackheap
    __rtentry4.o(.ARM.exidx) refers to __rtentry4.o(.ARM.Collect$$rtentry$$00000004) for .ARM.Collect$$rtentry$$00000004
    rt_div0.o(.text) refers to defsig_fpe_outer.o(.text) for __rt_SIGFPE
    sys_stackheap_outer.o(.text) refers to libspace.o(.text) for __user_perproc_libspace
    sys_stackheap_outer.o(.text) refers to startup_stm32f042x6.o(.text) for __user_initial_stackheap
    sys_stackheap_outer.o(__vectab_stack_and_reset_area) refers to tempstk.o(.text) for __temporary_stack_top
    sys_stackheap_outer.o(__vectab_stack_and_reset_area) refers to __main.o(!!!main) for __main
    exit.o(.text) refers to rtexit.o(.ARM.Collect$$rtexit$$00000000) for __rt_exit
    defsig_fpe_outer.o(.text) refers to defsig_fpe_inner.o(.text) for __rt_SIGFPE_inner
    defsig_fpe_outer.o(.text) refers to defsig_exit.o(.text) for __sig_exit
    defsig_fpe_formal.o(.text) refers to rt_raise.o(.text) for __rt_raise
    libinit.o(.ARM.Collect$$libinit$$00000000) refers (Special) to libinit2.o(.ARM.Collect$$libinit$$0000002E) for __rt_lib_init_alloca_1
    libinit.o(.ARM.Collect$$libinit$$00000000) refers (Special) to libinit2.o(.ARM.Collect$$libinit$$0000002C) for __rt_lib_init_argv_1
    libinit.o(.ARM.Collect$$libinit$$00000000) refers (Special) to libinit2.o(.ARM.Collect$$libinit$$0000001B) for __rt_lib_init_atexit_1
    libinit.o(.ARM.Collect$$libinit$$00000000) refers (Special) to libinit2.o(.ARM.Collect$$libinit$$00000021) for __rt_lib_init_clock_1
    libinit.o(.ARM.Collect$$libinit$$00000000) refers (Special) to libinit2.o(.ARM.Collect$$libinit$$00000032) for __rt_lib_init_cpp_1
    libinit.o(.ARM.Collect$$libinit$$00000000) refers (Special) to libinit2.o(.ARM.Collect$$libinit$$00000030) for __rt_lib_init_exceptions_1
    libinit.o(.ARM.Collect$$libinit$$00000000) refers (Special) to libinit2.o(.ARM.Collect$$libinit$$00000002) for __rt_lib_init_fp_1
    libinit.o(.ARM.Collect$$libinit$$00000000) refers (Special) to libinit2.o(.ARM.Collect$$libinit$$0000001F) for __rt_lib_init_fp_trap_1
    libinit.o(.ARM.Collect$$libinit$$00000000) refers (Special) to libinit2.o(.ARM.Collect$$libinit$$00000023) for __rt_lib_init_getenv_1
    libinit.o(.ARM.Collect$$libinit$$00000000) refers (Special) to libinit2.o(.ARM.Collect$$libinit$$0000000A) for __rt_lib_init_heap_1
    libinit.o(.ARM.Collect$$libinit$$00000000) refers (Special) to libinit2.o(.ARM.Collect$$libinit$$00000011) for __rt_lib_init_lc_collate_1
    libinit.o(.ARM.Collect$$libinit$$00000000) refers (Special) to libinit2.o(.ARM.Collect$$libinit$$00000013) for __rt_lib_init_lc_ctype_1
    libinit.o(.ARM.Collect$$libinit$$00000000) refers (Special) to libinit2.o(.ARM.Collect$$libinit$$00000015) for __rt_lib_init_lc_monetary_1
    libinit.o(.ARM.Collect$$libinit$$00000000) refers (Special) to libinit2.o(.ARM.Collect$$libinit$$00000017) for __rt_lib_init_lc_numeric_1
    libinit.o(.ARM.Collect$$libinit$$00000000) refers (Special) to libinit2.o(.ARM.Collect$$libinit$$00000019) for __rt_lib_init_lc_time_1
    libinit.o(.ARM.Collect$$libinit$$00000000) refers (Special) to libinit2.o(.ARM.Collect$$libinit$$00000004) for __rt_lib_init_preinit_1
    libinit.o(.ARM.Collect$$libinit$$00000000) refers (Special) to libinit2.o(.ARM.Collect$$libinit$$0000000E) for __rt_lib_init_rand_1
    libinit.o(.ARM.Collect$$libinit$$00000000) refers (Special) to libinit2.o(.ARM.Collect$$libinit$$00000033) for __rt_lib_init_return
    libinit.o(.ARM.Collect$$libinit$$00000000) refers (Special) to libinit2.o(.ARM.Collect$$libinit$$0000001D) for __rt_lib_init_signal_1
    libinit.o(.ARM.Collect$$libinit$$00000000) refers (Special) to libinit2.o(.ARM.Collect$$libinit$$00000025) for __rt_lib_init_stdio_1
    libinit.o(.ARM.Collect$$libinit$$00000000) refers (Special) to libinit2.o(.ARM.Collect$$libinit$$0000000C) for __rt_lib_init_user_alloc_1
    libspace.o(.text) refers to libspace.o(.bss) for __libspace_start
    rtexit.o(.ARM.Collect$$rtexit$$00000000) refers (Special) to rtexit2.o(.ARM.Collect$$rtexit$$00000004) for __rt_exit_exit
    rtexit.o(.ARM.Collect$$rtexit$$00000000) refers (Special) to rtexit2.o(.ARM.Collect$$rtexit$$00000003) for __rt_exit_ls
    rtexit.o(.ARM.Collect$$rtexit$$00000000) refers (Special) to rtexit2.o(.ARM.Collect$$rtexit$$00000002) for __rt_exit_prels_1
    rtexit.o(.ARM.exidx) refers (Special) to rtexit2.o(.ARM.Collect$$rtexit$$00000004) for __rt_exit_exit
    rtexit.o(.ARM.exidx) refers (Special) to rtexit2.o(.ARM.Collect$$rtexit$$00000003) for __rt_exit_ls
    rtexit.o(.ARM.exidx) refers (Special) to rtexit2.o(.ARM.Collect$$rtexit$$00000002) for __rt_exit_prels_1
    rtexit.o(.ARM.exidx) refers to rtexit.o(.ARM.Collect$$rtexit$$00000000) for .ARM.Collect$$rtexit$$00000000
    rt_raise.o(.text) refers to __raise.o(.text) for __raise
    rt_raise.o(.text) refers to sys_exit.o(.text) for _sys_exit
    defsig_exit.o(.text) refers to sys_exit.o(.text) for _sys_exit
    defsig_fpe_inner.o(.text) refers to defsig_general.o(.text) for __default_signal_display
    libinit2.o(.ARM.Collect$$libinit$$00000010) refers to libinit2.o(.ARM.Collect$$libinit$$0000000F) for .ARM.Collect$$libinit$$0000000F
    libinit2.o(.ARM.Collect$$libinit$$00000012) refers to libinit2.o(.ARM.Collect$$libinit$$0000000F) for .ARM.Collect$$libinit$$0000000F
    libinit2.o(.ARM.Collect$$libinit$$00000014) refers to libinit2.o(.ARM.Collect$$libinit$$0000000F) for .ARM.Collect$$libinit$$0000000F
    libinit2.o(.ARM.Collect$$libinit$$00000016) refers to libinit2.o(.ARM.Collect$$libinit$$0000000F) for .ARM.Collect$$libinit$$0000000F
    libinit2.o(.ARM.Collect$$libinit$$00000018) refers to libinit2.o(.ARM.Collect$$libinit$$0000000F) for .ARM.Collect$$libinit$$0000000F
    libinit2.o(.ARM.Collect$$libinit$$00000026) refers to argv_veneer.o(.text) for __ARM_argv_veneer
    libinit2.o(.ARM.Collect$$libinit$$00000027) refers to argv_veneer.o(.text) for __ARM_argv_veneer
    sys_exit.o(.text) refers (Special) to use_no_semi.o(.text) for __I$use$semihosting
    sys_exit.o(.text) refers (Special) to indicate_semi.o(.text) for __semihosting_library_function
    rtexit2.o(.ARM.Collect$$rtexit$$00000003) refers to libshutdown.o(.ARM.Collect$$libshutdown$$00000000) for __rt_lib_shutdown
    rtexit2.o(.ARM.Collect$$rtexit$$00000004) refers to sys_exit.o(.text) for _sys_exit
    rtexit2.o(.ARM.exidx) refers to rtexit2.o(.ARM.Collect$$rtexit$$00000001) for .ARM.Collect$$rtexit$$00000001
    rtexit2.o(.ARM.exidx) refers to rtexit2.o(.ARM.Collect$$rtexit$$00000003) for .ARM.Collect$$rtexit$$00000003
    rtexit2.o(.ARM.exidx) refers to rtexit2.o(.ARM.Collect$$rtexit$$00000004) for .ARM.Collect$$rtexit$$00000004
    __raise.o(.text) refers to defsig.o(CL$$defsig) for __default_signal_handler
    defsig_general.o(.text) refers to sys_wrch.o(.text) for _ttywrch
    sys_wrch.o(.text) refers (Special) to use_no_semi.o(.text) for __I$use$semihosting
    sys_wrch.o(.text) refers (Special) to indicate_semi.o(.text) for __semihosting_library_function
    defsig.o(CL$$defsig) refers to defsig_fpe_inner.o(.text) for __rt_SIGFPE_inner
    defsig.o(CL$$defsig) refers to defsig_rtmem_inner.o(.text) for __rt_SIGRTMEM_inner
    _get_argv_nomalloc.o(.text) refers (Special) to hrguard.o(.text) for __heap_region$guard
    _get_argv_nomalloc.o(.text) refers to defsig_rtmem_outer.o(.text) for __rt_SIGRTMEM
    _get_argv_nomalloc.o(.text) refers to sys_command.o(.text) for _sys_command_string
    libshutdown.o(.ARM.Collect$$libshutdown$$00000000) refers (Special) to libshutdown2.o(.ARM.Collect$$libshutdown$$00000002) for __rt_lib_shutdown_cpp_1
    libshutdown.o(.ARM.Collect$$libshutdown$$00000000) refers (Special) to libshutdown2.o(.ARM.Collect$$libshutdown$$00000007) for __rt_lib_shutdown_fp_trap_1
    libshutdown.o(.ARM.Collect$$libshutdown$$00000000) refers (Special) to libshutdown2.o(.ARM.Collect$$libshutdown$$0000000F) for __rt_lib_shutdown_heap_1
    libshutdown.o(.ARM.Collect$$libshutdown$$00000000) refers (Special) to libshutdown2.o(.ARM.Collect$$libshutdown$$00000010) for __rt_lib_shutdown_return
    libshutdown.o(.ARM.Collect$$libshutdown$$00000000) refers (Special) to libshutdown2.o(.ARM.Collect$$libshutdown$$0000000A) for __rt_lib_shutdown_signal_1
    libshutdown.o(.ARM.Collect$$libshutdown$$00000000) refers (Special) to libshutdown2.o(.ARM.Collect$$libshutdown$$00000004) for __rt_lib_shutdown_stdio_1
    libshutdown.o(.ARM.Collect$$libshutdown$$00000000) refers (Special) to libshutdown2.o(.ARM.Collect$$libshutdown$$0000000C) for __rt_lib_shutdown_user_alloc_1
    sys_command.o(.text) refers (Special) to use_no_semi.o(.text) for __I$use$semihosting
    sys_command.o(.text) refers (Special) to indicate_semi.o(.text) for __semihosting_library_function
    defsig_abrt_inner.o(.text) refers to defsig_general.o(.text) for __default_signal_display
    defsig_rtred_inner.o(.text) refers to defsig_general.o(.text) for __default_signal_display
    defsig_rtmem_inner.o(.text) refers to defsig_general.o(.text) for __default_signal_display
    defsig_rtmem_outer.o(.text) refers to defsig_rtmem_inner.o(.text) for __rt_SIGRTMEM_inner
    defsig_rtmem_outer.o(.text) refers to defsig_exit.o(.text) for __sig_exit
    defsig_rtmem_formal.o(.text) refers to rt_raise.o(.text) for __rt_raise
    defsig_stak_inner.o(.text) refers to defsig_general.o(.text) for __default_signal_display
    defsig_pvfn_inner.o(.text) refers to defsig_general.o(.text) for __default_signal_display
    defsig_cppl_inner.o(.text) refers to defsig_general.o(.text) for __default_signal_display
    defsig_segv_inner.o(.text) refers to defsig_general.o(.text) for __default_signal_display
    defsig_other.o(.text) refers to defsig_general.o(.text) for __default_signal_display


==============================================================================

Removing Unused input sections from the image.

    Removing adc.o(.rev16_text), (4 bytes).
    Removing adc.o(.revsh_text), (4 bytes).
    Removing can.o(.rev16_text), (4 bytes).
    Removing can.o(.revsh_text), (4 bytes).
    Removing gpio.o(.rev16_text), (4 bytes).
    Removing gpio.o(.revsh_text), (4 bytes).
    Removing main.o(.rev16_text), (4 bytes).
    Removing main.o(.revsh_text), (4 bytes).
    Removing rcc.o(.rev16_text), (4 bytes).
    Removing rcc.o(.revsh_text), (4 bytes).
    Removing timer.o(.rev16_text), (4 bytes).
    Removing timer.o(.revsh_text), (4 bytes).
    Removing timer.o(i.delay_ms), (56 bytes).
    Removing stm32f0xx_rcc.o(.rev16_text), (4 bytes).
    Removing stm32f0xx_rcc.o(.revsh_text), (4 bytes).
    Removing stm32f0xx_rcc.o(i.RCC_ADCCLKConfig), (44 bytes).
    Removing stm32f0xx_rcc.o(i.RCC_AHBPeriphResetCmd), (28 bytes).
    Removing stm32f0xx_rcc.o(i.RCC_APB2PeriphResetCmd), (28 bytes).
    Removing stm32f0xx_rcc.o(i.RCC_AdjustHSI14CalibrationValue), (20 bytes).
    Removing stm32f0xx_rcc.o(i.RCC_AdjustHSICalibrationValue), (20 bytes).
    Removing stm32f0xx_rcc.o(i.RCC_BackupResetCmd), (32 bytes).
    Removing stm32f0xx_rcc.o(i.RCC_CECCLKConfig), (24 bytes).
    Removing stm32f0xx_rcc.o(i.RCC_ClearFlag), (20 bytes).
    Removing stm32f0xx_rcc.o(i.RCC_ClearITPendingBit), (12 bytes).
    Removing stm32f0xx_rcc.o(i.RCC_ClockSecuritySystemCmd), (32 bytes).
    Removing stm32f0xx_rcc.o(i.RCC_DeInit), (92 bytes).
    Removing stm32f0xx_rcc.o(i.RCC_GetClocksFreq), (404 bytes).
    Removing stm32f0xx_rcc.o(i.RCC_GetFlagStatus), (56 bytes).
    Removing stm32f0xx_rcc.o(i.RCC_GetITStatus), (20 bytes).
    Removing stm32f0xx_rcc.o(i.RCC_GetSYSCLKSource), (16 bytes).
    Removing stm32f0xx_rcc.o(i.RCC_HCLKConfig), (20 bytes).
    Removing stm32f0xx_rcc.o(i.RCC_HSEConfig), (16 bytes).
    Removing stm32f0xx_rcc.o(i.RCC_HSI14ADCRequestCmd), (28 bytes).
    Removing stm32f0xx_rcc.o(i.RCC_HSI14Cmd), (32 bytes).
    Removing stm32f0xx_rcc.o(i.RCC_HSI48Cmd), (32 bytes).
    Removing stm32f0xx_rcc.o(i.RCC_HSICmd), (32 bytes).
    Removing stm32f0xx_rcc.o(i.RCC_I2CCLKConfig), (24 bytes).
    Removing stm32f0xx_rcc.o(i.RCC_ITConfig), (28 bytes).
    Removing stm32f0xx_rcc.o(i.RCC_LSEConfig), (32 bytes).
    Removing stm32f0xx_rcc.o(i.RCC_LSEDriveConfig), (24 bytes).
    Removing stm32f0xx_rcc.o(i.RCC_LSICmd), (32 bytes).
    Removing stm32f0xx_rcc.o(i.RCC_MCOConfig), (24 bytes).
    Removing stm32f0xx_rcc.o(i.RCC_PCLKConfig), (20 bytes).
    Removing stm32f0xx_rcc.o(i.RCC_PLLCmd), (32 bytes).
    Removing stm32f0xx_rcc.o(i.RCC_PLLConfig), (28 bytes).
    Removing stm32f0xx_rcc.o(i.RCC_PREDIV1Config), (20 bytes).
    Removing stm32f0xx_rcc.o(i.RCC_RTCCLKCmd), (32 bytes).
    Removing stm32f0xx_rcc.o(i.RCC_RTCCLKConfig), (16 bytes).
    Removing stm32f0xx_rcc.o(i.RCC_SYSCLKConfig), (20 bytes).
    Removing stm32f0xx_rcc.o(i.RCC_USARTCLKConfig), (56 bytes).
    Removing stm32f0xx_rcc.o(i.RCC_USBCLKConfig), (24 bytes).
    Removing stm32f0xx_rcc.o(i.RCC_WaitForHSEStartUp), (50 bytes).
    Removing stm32f0xx_rcc.o(.data), (16 bytes).
    Removing stm32f0xx_misc.o(.rev16_text), (4 bytes).
    Removing stm32f0xx_misc.o(.revsh_text), (4 bytes).
    Removing stm32f0xx_misc.o(i.NVIC_SystemLPConfig), (28 bytes).
    Removing stm32f0xx_misc.o(i.SysTick_CLKSourceConfig), (28 bytes).
    Removing stm32f0xx_iwdg.o(.rev16_text), (4 bytes).
    Removing stm32f0xx_iwdg.o(.revsh_text), (4 bytes).
    Removing stm32f0xx_iwdg.o(i.IWDG_GetFlagStatus), (20 bytes).
    Removing stm32f0xx_iwdg.o(i.IWDG_SetWindowValue), (12 bytes).
    Removing stm32f0xx_gpio.o(.rev16_text), (4 bytes).
    Removing stm32f0xx_gpio.o(.revsh_text), (4 bytes).
    Removing stm32f0xx_gpio.o(i.GPIO_DeInit), (180 bytes).
    Removing stm32f0xx_gpio.o(i.GPIO_PinLockConfig), (28 bytes).
    Removing stm32f0xx_gpio.o(i.GPIO_ReadInputData), (4 bytes).
    Removing stm32f0xx_gpio.o(i.GPIO_ReadInputDataBit), (14 bytes).
    Removing stm32f0xx_gpio.o(i.GPIO_ReadOutputData), (4 bytes).
    Removing stm32f0xx_gpio.o(i.GPIO_ReadOutputDataBit), (14 bytes).
    Removing stm32f0xx_gpio.o(i.GPIO_Write), (4 bytes).
    Removing stm32f0xx_gpio.o(i.GPIO_WriteBit), (12 bytes).
    Removing stm32f0xx_can.o(.rev16_text), (4 bytes).
    Removing stm32f0xx_can.o(.revsh_text), (4 bytes).
    Removing stm32f0xx_can.o(i.CAN_CancelTransmit), (46 bytes).
    Removing stm32f0xx_can.o(i.CAN_ClearFlag), (48 bytes).
    Removing stm32f0xx_can.o(i.CAN_DBGFreeze), (24 bytes).
    Removing stm32f0xx_can.o(i.CAN_FIFORelease), (22 bytes).
    Removing stm32f0xx_can.o(i.CAN_GetFlagStatus), (82 bytes).
    Removing stm32f0xx_can.o(i.CAN_GetLSBTransmitErrorCounter), (8 bytes).
    Removing stm32f0xx_can.o(i.CAN_GetReceiveErrorCounter), (6 bytes).
    Removing stm32f0xx_can.o(i.CAN_MessagePending), (28 bytes).
    Removing stm32f0xx_can.o(i.CAN_OperatingModeRequest), (156 bytes).
    Removing stm32f0xx_can.o(i.CAN_SlaveStartBank), (44 bytes).
    Removing stm32f0xx_can.o(i.CAN_Sleep), (30 bytes).
    Removing stm32f0xx_can.o(i.CAN_StructInit), (32 bytes).
    Removing stm32f0xx_can.o(i.CAN_TTComModeCmd), (68 bytes).
    Removing stm32f0xx_can.o(i.CAN_TransmitStatus), (144 bytes).
    Removing stm32f0xx_can.o(i.CAN_WakeUp), (44 bytes).
    Removing stm32f0xx_adc.o(.rev16_text), (4 bytes).
    Removing stm32f0xx_adc.o(.revsh_text), (4 bytes).
    Removing stm32f0xx_adc.o(i.ADC_AnalogWatchdogCmd), (24 bytes).
    Removing stm32f0xx_adc.o(i.ADC_AnalogWatchdogSingleChannelCmd), (24 bytes).
    Removing stm32f0xx_adc.o(i.ADC_AnalogWatchdogSingleChannelConfig), (14 bytes).
    Removing stm32f0xx_adc.o(i.ADC_AnalogWatchdogThresholdsConfig), (8 bytes).
    Removing stm32f0xx_adc.o(i.ADC_AutoPowerOffCmd), (24 bytes).
    Removing stm32f0xx_adc.o(i.ADC_ClearFlag), (4 bytes).
    Removing stm32f0xx_adc.o(i.ADC_ClockModeConfig), (4 bytes).
    Removing stm32f0xx_adc.o(i.ADC_ContinuousModeCmd), (24 bytes).
    Removing stm32f0xx_adc.o(i.ADC_DMACmd), (24 bytes).
    Removing stm32f0xx_adc.o(i.ADC_DMARequestModeConfig), (16 bytes).
    Removing stm32f0xx_adc.o(i.ADC_DeInit), (32 bytes).
    Removing stm32f0xx_adc.o(i.ADC_DiscModeCmd), (24 bytes).
    Removing stm32f0xx_adc.o(i.ADC_GetConversionValue), (6 bytes).
    Removing stm32f0xx_adc.o(i.ADC_JitterCmd), (20 bytes).
    Removing stm32f0xx_adc.o(i.ADC_OverrunModeCmd), (24 bytes).
    Removing stm32f0xx_adc.o(i.ADC_StopOfConversion), (10 bytes).
    Removing stm32f0xx_adc.o(i.ADC_TempSensorCmd), (32 bytes).
    Removing stm32f0xx_adc.o(i.ADC_VbatCmd), (32 bytes).
    Removing stm32f0xx_adc.o(i.ADC_VrefintCmd), (32 bytes).
    Removing stm32f0xx_adc.o(i.ADC_WaitModeCmd), (24 bytes).
    Removing system_stm32f0xx_1.o(.rev16_text), (4 bytes).
    Removing system_stm32f0xx_1.o(.revsh_text), (4 bytes).
    Removing system_stm32f0xx_1.o(i.SystemCoreClockUpdate), (124 bytes).
    Removing system_stm32f0xx_1.o(.data), (20 bytes).

114 unused section(s) (total 3322 bytes) removed from the image.

==============================================================================

Image Symbol Table

    Local Symbols

    Symbol Name                              Value     Ov Type        Size  Object(Section)

    ../clib/angel/boardlib.s                 0x00000000   Number         0  boardinit3.o ABSOLUTE
    ../clib/angel/boardlib.s                 0x00000000   Number         0  boardinit2.o ABSOLUTE
    ../clib/angel/boardlib.s                 0x00000000   Number         0  boardshut.o ABSOLUTE
    ../clib/angel/boardlib.s                 0x00000000   Number         0  boardinit1.o ABSOLUTE
    ../clib/angel/handlers.s                 0x00000000   Number         0  __scatter_copy.o ABSOLUTE
    ../clib/angel/handlers.s                 0x00000000   Number         0  __scatter_zi.o ABSOLUTE
    ../clib/angel/kernel.s                   0x00000000   Number         0  __rtentry.o ABSOLUTE
    ../clib/angel/kernel.s                   0x00000000   Number         0  __rtentry4.o ABSOLUTE
    ../clib/angel/kernel.s                   0x00000000   Number         0  rtexit2.o ABSOLUTE
    ../clib/angel/kernel.s                   0x00000000   Number         0  __rtentry2.o ABSOLUTE
    ../clib/angel/kernel.s                   0x00000000   Number         0  rtexit.o ABSOLUTE
    ../clib/angel/rt.s                       0x00000000   Number         0  rt_div0.o ABSOLUTE
    ../clib/angel/rt.s                       0x00000000   Number         0  aeabi_idiv0.o ABSOLUTE
    ../clib/angel/rt.s                       0x00000000   Number         0  aeabi_idiv0_sigfpe.o ABSOLUTE
    ../clib/angel/rt.s                       0x00000000   Number         0  rt_raise.o ABSOLUTE
    ../clib/angel/scatterp.s                 0x00000000   Number         0  __scatter.o ABSOLUTE
    ../clib/angel/startup.s                  0x00000000   Number         0  __main.o ABSOLUTE
    ../clib/angel/sys.s                      0x00000000   Number         0  tempstk.o ABSOLUTE
    ../clib/angel/sys.s                      0x00000000   Number         0  indicate_semi.o ABSOLUTE
    ../clib/angel/sys.s                      0x00000000   Number         0  libspace.o ABSOLUTE
    ../clib/angel/sys.s                      0x00000000   Number         0  sys_stackheap_outer.o ABSOLUTE
    ../clib/angel/sys.s                      0x00000000   Number         0  use_no_semi.o ABSOLUTE
    ../clib/angel/sysapp.c                   0x00000000   Number         0  sys_command.o ABSOLUTE
    ../clib/angel/sysapp.c                   0x00000000   Number         0  sys_exit.o ABSOLUTE
    ../clib/angel/sysapp.c                   0x00000000   Number         0  sys_wrch.o ABSOLUTE
    ../clib/armsys.c                         0x00000000   Number         0  no_argv.o ABSOLUTE
    ../clib/armsys.c                         0x00000000   Number         0  _get_argv_nomalloc.o ABSOLUTE
    ../clib/armsys.c                         0x00000000   Number         0  argv_veneer.o ABSOLUTE
    ../clib/division.s                       0x00000000   Number         0  aeabi_sdiv_div0.o ABSOLUTE
    ../clib/division.s                       0x00000000   Number         0  aeabi_sdiv.o ABSOLUTE
    ../clib/heapalloc.c                      0x00000000   Number         0  hrguard.o ABSOLUTE
    ../clib/heapaux.c                        0x00000000   Number         0  heapauxi.o ABSOLUTE
    ../clib/libinit.s                        0x00000000   Number         0  libshutdown.o ABSOLUTE
    ../clib/libinit.s                        0x00000000   Number         0  libinit.o ABSOLUTE
    ../clib/libinit.s                        0x00000000   Number         0  libinit2.o ABSOLUTE
    ../clib/libinit.s                        0x00000000   Number         0  libshutdown2.o ABSOLUTE
    ../clib/signal.c                         0x00000000   Number         0  defsig_exit.o ABSOLUTE
    ../clib/signal.c                         0x00000000   Number         0  defsig_fpe_formal.o ABSOLUTE
    ../clib/signal.c                         0x00000000   Number         0  defsig_fpe_outer.o ABSOLUTE
    ../clib/signal.c                         0x00000000   Number         0  defsig_abrt_inner.o ABSOLUTE
    ../clib/signal.c                         0x00000000   Number         0  defsig_rtmem_inner.o ABSOLUTE
    ../clib/signal.c                         0x00000000   Number         0  defsig_rtred_inner.o ABSOLUTE
    ../clib/signal.c                         0x00000000   Number         0  defsig_rtmem_outer.o ABSOLUTE
    ../clib/signal.c                         0x00000000   Number         0  defsig_rtmem_formal.o ABSOLUTE
    ../clib/signal.c                         0x00000000   Number         0  defsig_stak_inner.o ABSOLUTE
    ../clib/signal.c                         0x00000000   Number         0  __raise.o ABSOLUTE
    ../clib/signal.c                         0x00000000   Number         0  defsig_general.o ABSOLUTE
    ../clib/signal.c                         0x00000000   Number         0  defsig_pvfn_inner.o ABSOLUTE
    ../clib/signal.c                         0x00000000   Number         0  defsig_cppl_inner.o ABSOLUTE
    ../clib/signal.c                         0x00000000   Number         0  defsig_segv_inner.o ABSOLUTE
    ../clib/signal.c                         0x00000000   Number         0  defsig_fpe_inner.o ABSOLUTE
    ../clib/signal.c                         0x00000000   Number         0  defsig_other.o ABSOLUTE
    ../clib/signal.s                         0x00000000   Number         0  defsig.o ABSOLUTE
    ../clib/stdlib.c                         0x00000000   Number         0  exit.o ABSOLUTE
    ../fplib/cfplib/fpinit.c                 0x00000000   Number         0  fpinit.o ABSOLUTE
    RTE\Device\STM32F042K6\startup_stm32f042x6.s 0x00000000   Number         0  startup_stm32f042x6.o ABSOLUTE
    RTE\Device\STM32F042K6\system_stm32f0xx.c 0x00000000   Number         0  system_stm32f0xx_1.o ABSOLUTE
    RTE\\Device\\STM32F042K6\\system_stm32f0xx.c 0x00000000   Number         0  system_stm32f0xx_1.o ABSOLUTE
    dc.s                                     0x00000000   Number         0  dc.o ABSOLUTE
    files\ADC.c                              0x00000000   Number         0  adc.o ABSOLUTE
    files\CAN.c                              0x00000000   Number         0  can.o ABSOLUTE
    files\GPIO.c                             0x00000000   Number         0  gpio.o ABSOLUTE
    files\\ADC.c                             0x00000000   Number         0  adc.o ABSOLUTE
    files\\CAN.c                             0x00000000   Number         0  can.o ABSOLUTE
    files\\GPIO.c                            0x00000000   Number         0  gpio.o ABSOLUTE
    files\\main.c                            0x00000000   Number         0  main.o ABSOLUTE
    files\\rcc.c                             0x00000000   Number         0  rcc.o ABSOLUTE
    files\\timer.c                           0x00000000   Number         0  timer.o ABSOLUTE
    files\main.c                             0x00000000   Number         0  main.o ABSOLUTE
    files\rcc.c                              0x00000000   Number         0  rcc.o ABSOLUTE
    files\timer.c                            0x00000000   Number         0  timer.o ABSOLUTE
    src\\stm32f0xx_adc.c                     0x00000000   Number         0  stm32f0xx_adc.o ABSOLUTE
    src\\stm32f0xx_can.c                     0x00000000   Number         0  stm32f0xx_can.o ABSOLUTE
    src\\stm32f0xx_gpio.c                    0x00000000   Number         0  stm32f0xx_gpio.o ABSOLUTE
    src\\stm32f0xx_iwdg.c                    0x00000000   Number         0  stm32f0xx_iwdg.o ABSOLUTE
    src\\stm32f0xx_misc.c                    0x00000000   Number         0  stm32f0xx_misc.o ABSOLUTE
    src\\stm32f0xx_rcc.c                     0x00000000   Number         0  stm32f0xx_rcc.o ABSOLUTE
    src\stm32f0xx_adc.c                      0x00000000   Number         0  stm32f0xx_adc.o ABSOLUTE
    src\stm32f0xx_can.c                      0x00000000   Number         0  stm32f0xx_can.o ABSOLUTE
    src\stm32f0xx_gpio.c                     0x00000000   Number         0  stm32f0xx_gpio.o ABSOLUTE
    src\stm32f0xx_iwdg.c                     0x00000000   Number         0  stm32f0xx_iwdg.o ABSOLUTE
    src\stm32f0xx_misc.c                     0x00000000   Number         0  stm32f0xx_misc.o ABSOLUTE
    src\stm32f0xx_rcc.c                      0x00000000   Number         0  stm32f0xx_rcc.o ABSOLUTE
    RESET                                    0x08000000   Section      192  startup_stm32f042x6.o(RESET)
    !!!main                                  0x080000c0   Section        8  __main.o(!!!main)
    !!!scatter                               0x080000c8   Section       60  __scatter.o(!!!scatter)
    !!handler_copy                           0x08000104   Section       26  __scatter_copy.o(!!handler_copy)
    !!handler_zi                             0x08000120   Section       28  __scatter_zi.o(!!handler_zi)
    .ARM.Collect$$libinit$$00000000          0x0800013c   Section        2  libinit.o(.ARM.Collect$$libinit$$00000000)
    .ARM.Collect$$libinit$$00000002          0x0800013e   Section        0  libinit2.o(.ARM.Collect$$libinit$$00000002)
    .ARM.Collect$$libinit$$00000004          0x0800013e   Section        0  libinit2.o(.ARM.Collect$$libinit$$00000004)
    .ARM.Collect$$libinit$$0000000A          0x0800013e   Section        0  libinit2.o(.ARM.Collect$$libinit$$0000000A)
    .ARM.Collect$$libinit$$0000000C          0x0800013e   Section        0  libinit2.o(.ARM.Collect$$libinit$$0000000C)
    .ARM.Collect$$libinit$$0000000E          0x0800013e   Section        0  libinit2.o(.ARM.Collect$$libinit$$0000000E)
    .ARM.Collect$$libinit$$00000011          0x0800013e   Section        0  libinit2.o(.ARM.Collect$$libinit$$00000011)
    .ARM.Collect$$libinit$$00000013          0x0800013e   Section        0  libinit2.o(.ARM.Collect$$libinit$$00000013)
    .ARM.Collect$$libinit$$00000015          0x0800013e   Section        0  libinit2.o(.ARM.Collect$$libinit$$00000015)
    .ARM.Collect$$libinit$$00000017          0x0800013e   Section        0  libinit2.o(.ARM.Collect$$libinit$$00000017)
    .ARM.Collect$$libinit$$00000019          0x0800013e   Section        0  libinit2.o(.ARM.Collect$$libinit$$00000019)
    .ARM.Collect$$libinit$$0000001B          0x0800013e   Section        0  libinit2.o(.ARM.Collect$$libinit$$0000001B)
    .ARM.Collect$$libinit$$0000001D          0x0800013e   Section        0  libinit2.o(.ARM.Collect$$libinit$$0000001D)
    .ARM.Collect$$libinit$$0000001F          0x0800013e   Section        0  libinit2.o(.ARM.Collect$$libinit$$0000001F)
    .ARM.Collect$$libinit$$00000021          0x0800013e   Section        0  libinit2.o(.ARM.Collect$$libinit$$00000021)
    .ARM.Collect$$libinit$$00000023          0x0800013e   Section        0  libinit2.o(.ARM.Collect$$libinit$$00000023)
    .ARM.Collect$$libinit$$00000025          0x0800013e   Section        0  libinit2.o(.ARM.Collect$$libinit$$00000025)
    .ARM.Collect$$libinit$$0000002C          0x0800013e   Section        0  libinit2.o(.ARM.Collect$$libinit$$0000002C)
    .ARM.Collect$$libinit$$0000002E          0x0800013e   Section        0  libinit2.o(.ARM.Collect$$libinit$$0000002E)
    .ARM.Collect$$libinit$$00000030          0x0800013e   Section        0  libinit2.o(.ARM.Collect$$libinit$$00000030)
    .ARM.Collect$$libinit$$00000032          0x0800013e   Section        0  libinit2.o(.ARM.Collect$$libinit$$00000032)
    .ARM.Collect$$libinit$$00000033          0x0800013e   Section        2  libinit2.o(.ARM.Collect$$libinit$$00000033)
    .ARM.Collect$$libshutdown$$00000000      0x08000140   Section        2  libshutdown.o(.ARM.Collect$$libshutdown$$00000000)
    .ARM.Collect$$libshutdown$$00000002      0x08000142   Section        0  libshutdown2.o(.ARM.Collect$$libshutdown$$00000002)
    .ARM.Collect$$libshutdown$$00000004      0x08000142   Section        0  libshutdown2.o(.ARM.Collect$$libshutdown$$00000004)
    .ARM.Collect$$libshutdown$$00000007      0x08000142   Section        0  libshutdown2.o(.ARM.Collect$$libshutdown$$00000007)
    .ARM.Collect$$libshutdown$$0000000A      0x08000142   Section        0  libshutdown2.o(.ARM.Collect$$libshutdown$$0000000A)
    .ARM.Collect$$libshutdown$$0000000C      0x08000142   Section        0  libshutdown2.o(.ARM.Collect$$libshutdown$$0000000C)
    .ARM.Collect$$libshutdown$$0000000F      0x08000142   Section        0  libshutdown2.o(.ARM.Collect$$libshutdown$$0000000F)
    .ARM.Collect$$libshutdown$$00000010      0x08000142   Section        2  libshutdown2.o(.ARM.Collect$$libshutdown$$00000010)
    .ARM.Collect$$rtentry$$00000000          0x08000144   Section        0  __rtentry.o(.ARM.Collect$$rtentry$$00000000)
    .ARM.Collect$$rtentry$$00000002          0x08000144   Section        0  __rtentry2.o(.ARM.Collect$$rtentry$$00000002)
    .ARM.Collect$$rtentry$$00000004          0x08000144   Section        6  __rtentry4.o(.ARM.Collect$$rtentry$$00000004)
    .ARM.Collect$$rtentry$$00000009          0x0800014a   Section        0  __rtentry2.o(.ARM.Collect$$rtentry$$00000009)
    .ARM.Collect$$rtentry$$0000000A          0x0800014a   Section        4  __rtentry2.o(.ARM.Collect$$rtentry$$0000000A)
    .ARM.Collect$$rtentry$$0000000C          0x0800014e   Section        0  __rtentry2.o(.ARM.Collect$$rtentry$$0000000C)
    .ARM.Collect$$rtentry$$0000000D          0x0800014e   Section        8  __rtentry2.o(.ARM.Collect$$rtentry$$0000000D)
    .ARM.Collect$$rtexit$$00000000           0x08000156   Section        2  rtexit.o(.ARM.Collect$$rtexit$$00000000)
    .ARM.Collect$$rtexit$$00000002           0x08000158   Section        0  rtexit2.o(.ARM.Collect$$rtexit$$00000002)
    .ARM.Collect$$rtexit$$00000003           0x08000158   Section        4  rtexit2.o(.ARM.Collect$$rtexit$$00000003)
    .ARM.Collect$$rtexit$$00000004           0x0800015c   Section        6  rtexit2.o(.ARM.Collect$$rtexit$$00000004)
    .text                                    0x08000164   Section      116  startup_stm32f042x6.o(.text)
    .text                                    0x080001d8   Section      346  aeabi_sdiv.o(.text)
    .text                                    0x08000332   Section        0  heapauxi.o(.text)
    .text                                    0x08000338   Section       62  sys_stackheap_outer.o(.text)
    .text                                    0x08000376   Section        0  exit.o(.text)
    .text                                    0x08000388   Section        8  libspace.o(.text)
    .text                                    0x08000390   Section        0  sys_exit.o(.text)
    .text                                    0x0800039c   Section        2  use_no_semi.o(.text)
    .text                                    0x0800039e   Section        0  indicate_semi.o(.text)
    i.ADC1_IRQHandler                        0x080003a0   Section        0  adc.o(i.ADC1_IRQHandler)
    i.ADC_ChannelConfig                      0x08000674   Section        0  stm32f0xx_adc.o(i.ADC_ChannelConfig)
    i.ADC_ClearITPendingBit                  0x0800067e   Section        0  stm32f0xx_adc.o(i.ADC_ClearITPendingBit)
    i.ADC_Cmd                                0x08000682   Section        0  stm32f0xx_adc.o(i.ADC_Cmd)
    i.ADC_GetCalibrationFactor               0x0800069a   Section        0  stm32f0xx_adc.o(i.ADC_GetCalibrationFactor)
    i.ADC_GetFlagStatus                      0x080006c8   Section        0  stm32f0xx_adc.o(i.ADC_GetFlagStatus)
    i.ADC_GetITStatus                        0x080006e4   Section        0  stm32f0xx_adc.o(i.ADC_GetITStatus)
    i.ADC_ITConfig                           0x080006fa   Section        0  stm32f0xx_adc.o(i.ADC_ITConfig)
    i.ADC_Init                               0x08000710   Section        0  stm32f0xx_adc.o(i.ADC_Init)
    i.ADC_StartOfConversion                  0x0800073c   Section        0  stm32f0xx_adc.o(i.ADC_StartOfConversion)
    i.ADC_StructInit                         0x08000746   Section        0  stm32f0xx_adc.o(i.ADC_StructInit)
    i.CAN_ClearITPendingBit                  0x08000758   Section        0  stm32f0xx_can.o(i.CAN_ClearITPendingBit)
    i.CAN_DeInit                             0x080007f0   Section        0  stm32f0xx_can.o(i.CAN_DeInit)
    i.CAN_FilterInit                         0x08000808   Section        0  stm32f0xx_can.o(i.CAN_FilterInit)
    i.CAN_GetITStatus                        0x080008c0   Section        0  stm32f0xx_can.o(i.CAN_GetITStatus)
    i.CAN_GetLastErrorCode                   0x080009b8   Section        0  stm32f0xx_can.o(i.CAN_GetLastErrorCode)
    i.CAN_ITConfig                           0x080009c2   Section        0  stm32f0xx_can.o(i.CAN_ITConfig)
    i.CAN_Init                               0x080009d8   Section        0  stm32f0xx_can.o(i.CAN_Init)
    i.CAN_Receive                            0x08000ad4   Section        0  stm32f0xx_can.o(i.CAN_Receive)
    i.CAN_Transmit                           0x08000b50   Section        0  stm32f0xx_can.o(i.CAN_Transmit)
    i.CEC_CAN_IRQHandler                     0x08000bfc   Section        0  can.o(i.CEC_CAN_IRQHandler)
    i.CheckITStatus                          0x08000c28   Section        0  stm32f0xx_can.o(i.CheckITStatus)
    CheckITStatus                            0x08000c29   Thumb Code    12  stm32f0xx_can.o(i.CheckITStatus)
    i.GPIO_Init                              0x08000c34   Section        0  stm32f0xx_gpio.o(i.GPIO_Init)
    i.GPIO_PinAFConfig                       0x08000ca4   Section        0  stm32f0xx_gpio.o(i.GPIO_PinAFConfig)
    i.GPIO_ResetBits                         0x08000cc4   Section        0  stm32f0xx_gpio.o(i.GPIO_ResetBits)
    i.GPIO_SetBits                           0x08000cc8   Section        0  stm32f0xx_gpio.o(i.GPIO_SetBits)
    i.GPIO_StructInit                        0x08000ccc   Section        0  stm32f0xx_gpio.o(i.GPIO_StructInit)
    i.IWDG_Enable                            0x08000ce4   Section        0  stm32f0xx_iwdg.o(i.IWDG_Enable)
    i.IWDG_ReloadCounter                     0x08000cf4   Section        0  stm32f0xx_iwdg.o(i.IWDG_ReloadCounter)
    i.IWDG_SetPrescaler                      0x08000d04   Section        0  stm32f0xx_iwdg.o(i.IWDG_SetPrescaler)
    i.IWDG_SetReload                         0x08000d10   Section        0  stm32f0xx_iwdg.o(i.IWDG_SetReload)
    i.IWDG_WriteAccessCmd                    0x08000d1c   Section        0  stm32f0xx_iwdg.o(i.IWDG_WriteAccessCmd)
    i.Init_ADC                               0x08000d28   Section        0  adc.o(i.Init_ADC)
    i.Init_CAN                               0x08000d94   Section        0  can.o(i.Init_CAN)
    i.Init_GPIO                              0x08000e2c   Section        0  gpio.o(i.Init_GPIO)
    i.Init_IWDG                              0x08000ebc   Section        0  rcc.o(i.Init_IWDG)
    i.Init_RCC                               0x08000eec   Section        0  rcc.o(i.Init_RCC)
    i.Init_Timer                             0x08000f34   Section        0  timer.o(i.Init_Timer)
    i.NVIC_Init                              0x08000fa4   Section        0  stm32f0xx_misc.o(i.NVIC_Init)
    i.RCC_AHBPeriphClockCmd                  0x08000ff4   Section        0  stm32f0xx_rcc.o(i.RCC_AHBPeriphClockCmd)
    i.RCC_APB1PeriphClockCmd                 0x08001010   Section        0  stm32f0xx_rcc.o(i.RCC_APB1PeriphClockCmd)
    i.RCC_APB1PeriphResetCmd                 0x0800102c   Section        0  stm32f0xx_rcc.o(i.RCC_APB1PeriphResetCmd)
    i.RCC_APB2PeriphClockCmd                 0x08001048   Section        0  stm32f0xx_rcc.o(i.RCC_APB2PeriphClockCmd)
    i.SetSysClock                            0x08001064   Section        0  system_stm32f0xx_1.o(i.SetSysClock)
    SetSysClock                              0x08001065   Thumb Code   144  system_stm32f0xx_1.o(i.SetSysClock)
    i.SystemInit                             0x080010fc   Section        0  system_stm32f0xx_1.o(i.SystemInit)
    i.TIM14_IRQHandler                       0x0800115c   Section        0  timer.o(i.TIM14_IRQHandler)
    i.TIM17_IRQHandler                       0x080011a0   Section        0  timer.o(i.TIM17_IRQHandler)
    i.flash_erase                            0x0800120c   Section        0  main.o(i.flash_erase)
    i.flash_prog_all                         0x08001250   Section        0  main.o(i.flash_prog_all)
    i.main                                   0x080012a0   Section        0  main.o(i.main)
    .data                                    0x20000000   Section        2  main.o(.data)
    .data                                    0x20000002   Section        8  main.o(.data)
    .data                                    0x2000000a   Section        2  main.o(.data)
    .data                                    0x2000000c   Section        1  main.o(.data)
    .data                                    0x2000000d   Section        1  main.o(.data)
    .data                                    0x2000000e   Section        1  main.o(.data)
    .data                                    0x2000000f   Section        1  main.o(.data)
    .data                                    0x20000010   Section        1  main.o(.data)
    .data                                    0x20000011   Section        1  main.o(.data)
    .data                                    0x20000012   Section        1  main.o(.data)
    .data                                    0x20000013   Section        1  main.o(.data)
    .data                                    0x20000014   Section        1  main.o(.data)
    .data                                    0x20000015   Section        1  main.o(.data)
    .data                                    0x20000018   Section        8  main.o(.data)
    .data                                    0x20000020   Section        3  main.o(.data)
    .bss                                     0x20000024   Section       20  main.o(.bss)
    .bss                                     0x20000038   Section       12  main.o(.bss)
    .bss                                     0x20000044   Section       14  main.o(.bss)
    .bss                                     0x20000054   Section       24  main.o(.bss)
    .bss                                     0x2000006c   Section       96  libspace.o(.bss)
    HEAP                                     0x200000d0   Section      512  startup_stm32f042x6.o(HEAP)
    Heap_Mem                                 0x200000d0   Data         512  startup_stm32f042x6.o(HEAP)
    STACK                                    0x200002d0   Section     1024  startup_stm32f042x6.o(STACK)
    Stack_Mem                                0x200002d0   Data        1024  startup_stm32f042x6.o(STACK)
    __initial_sp                             0x200006d0   Data           0  startup_stm32f042x6.o(STACK)

    Global Symbols

    Symbol Name                              Value     Ov Type        Size  Object(Section)

    BuildAttributes$$THM_ISAv3M$S$PE$A:L22$X:L11$S22$IEEE1$IW$USESV6$~STKCKD$USESV7$~SHL$OSPACE$ROPI$EBA8$UX$STANDARDLIB$REQ8$PRES8$EABIv2 0x00000000   Number         0  anon$$obj.o ABSOLUTE
    __ARM_use_no_argv                        0x00000000   Number         0  main.o ABSOLUTE
    __ARM_exceptions_init                     - Undefined Weak Reference
    __alloca_initialize                       - Undefined Weak Reference
    __arm_preinit_                            - Undefined Weak Reference
    __cpp_initialize__aeabi_                  - Undefined Weak Reference
    __cxa_finalize                            - Undefined Weak Reference
    __rt_locale                               - Undefined Weak Reference
    __sigvec_lookup                           - Undefined Weak Reference
    _atexit_init                              - Undefined Weak Reference
    _call_atexit_fns                          - Undefined Weak Reference
    _clock_init                               - Undefined Weak Reference
    _fp_trap_init                             - Undefined Weak Reference
    _fp_trap_shutdown                         - Undefined Weak Reference
    _get_lc_collate                           - Undefined Weak Reference
    _get_lc_ctype                             - Undefined Weak Reference
    _get_lc_monetary                          - Undefined Weak Reference
    _get_lc_numeric                           - Undefined Weak Reference
    _get_lc_time                              - Undefined Weak Reference
    _getenv_init                              - Undefined Weak Reference
    _handle_redirection                       - Undefined Weak Reference
    _init_alloc                               - Undefined Weak Reference
    _init_user_alloc                          - Undefined Weak Reference
    _initio                                   - Undefined Weak Reference
    _rand_init                                - Undefined Weak Reference
    _signal_finish                            - Undefined Weak Reference
    _signal_init                              - Undefined Weak Reference
    _terminate_alloc                          - Undefined Weak Reference
    _terminate_user_alloc                     - Undefined Weak Reference
    _terminateio                              - Undefined Weak Reference
    __Vectors_Size                           0x000000c0   Number         0  startup_stm32f042x6.o ABSOLUTE
    __Vectors                                0x08000000   Data           4  startup_stm32f042x6.o(RESET)
    __Vectors_End                            0x080000c0   Data           0  startup_stm32f042x6.o(RESET)
    __main                                   0x080000c1   Thumb Code     8  __main.o(!!!main)
    __scatterload                            0x080000c9   Thumb Code     0  __scatter.o(!!!scatter)
    __scatterload_rt2                        0x080000c9   Thumb Code    52  __scatter.o(!!!scatter)
    __scatterload_rt2_thumb_only             0x080000c9   Thumb Code     0  __scatter.o(!!!scatter)
    __scatterload_null                       0x080000d9   Thumb Code     0  __scatter.o(!!!scatter)
    __scatterload_copy                       0x08000105   Thumb Code    26  __scatter_copy.o(!!handler_copy)
    __scatterload_zeroinit                   0x08000121   Thumb Code    28  __scatter_zi.o(!!handler_zi)
    __rt_lib_init                            0x0800013d   Thumb Code     0  libinit.o(.ARM.Collect$$libinit$$00000000)
    __rt_lib_init_alloca_1                   0x0800013f   Thumb Code     0  libinit2.o(.ARM.Collect$$libinit$$0000002E)
    __rt_lib_init_argv_1                     0x0800013f   Thumb Code     0  libinit2.o(.ARM.Collect$$libinit$$0000002C)
    __rt_lib_init_atexit_1                   0x0800013f   Thumb Code     0  libinit2.o(.ARM.Collect$$libinit$$0000001B)
    __rt_lib_init_clock_1                    0x0800013f   Thumb Code     0  libinit2.o(.ARM.Collect$$libinit$$00000021)
    __rt_lib_init_cpp_1                      0x0800013f   Thumb Code     0  libinit2.o(.ARM.Collect$$libinit$$00000032)
    __rt_lib_init_exceptions_1               0x0800013f   Thumb Code     0  libinit2.o(.ARM.Collect$$libinit$$00000030)
    __rt_lib_init_fp_1                       0x0800013f   Thumb Code     0  libinit2.o(.ARM.Collect$$libinit$$00000002)
    __rt_lib_init_fp_trap_1                  0x0800013f   Thumb Code     0  libinit2.o(.ARM.Collect$$libinit$$0000001F)
    __rt_lib_init_getenv_1                   0x0800013f   Thumb Code     0  libinit2.o(.ARM.Collect$$libinit$$00000023)
    __rt_lib_init_heap_1                     0x0800013f   Thumb Code     0  libinit2.o(.ARM.Collect$$libinit$$0000000A)
    __rt_lib_init_lc_collate_1               0x0800013f   Thumb Code     0  libinit2.o(.ARM.Collect$$libinit$$00000011)
    __rt_lib_init_lc_ctype_1                 0x0800013f   Thumb Code     0  libinit2.o(.ARM.Collect$$libinit$$00000013)
    __rt_lib_init_lc_monetary_1              0x0800013f   Thumb Code     0  libinit2.o(.ARM.Collect$$libinit$$00000015)
    __rt_lib_init_lc_numeric_1               0x0800013f   Thumb Code     0  libinit2.o(.ARM.Collect$$libinit$$00000017)
    __rt_lib_init_lc_time_1                  0x0800013f   Thumb Code     0  libinit2.o(.ARM.Collect$$libinit$$00000019)
    __rt_lib_init_preinit_1                  0x0800013f   Thumb Code     0  libinit2.o(.ARM.Collect$$libinit$$00000004)
    __rt_lib_init_rand_1                     0x0800013f   Thumb Code     0  libinit2.o(.ARM.Collect$$libinit$$0000000E)
    __rt_lib_init_return                     0x0800013f   Thumb Code     0  libinit2.o(.ARM.Collect$$libinit$$00000033)
    __rt_lib_init_signal_1                   0x0800013f   Thumb Code     0  libinit2.o(.ARM.Collect$$libinit$$0000001D)
    __rt_lib_init_stdio_1                    0x0800013f   Thumb Code     0  libinit2.o(.ARM.Collect$$libinit$$00000025)
    __rt_lib_init_user_alloc_1               0x0800013f   Thumb Code     0  libinit2.o(.ARM.Collect$$libinit$$0000000C)
    __rt_lib_shutdown                        0x08000141   Thumb Code     0  libshutdown.o(.ARM.Collect$$libshutdown$$00000000)
    __rt_lib_shutdown_cpp_1                  0x08000143   Thumb Code     0  libshutdown2.o(.ARM.Collect$$libshutdown$$00000002)
    __rt_lib_shutdown_fp_trap_1              0x08000143   Thumb Code     0  libshutdown2.o(.ARM.Collect$$libshutdown$$00000007)
    __rt_lib_shutdown_heap_1                 0x08000143   Thumb Code     0  libshutdown2.o(.ARM.Collect$$libshutdown$$0000000F)
    __rt_lib_shutdown_return                 0x08000143   Thumb Code     0  libshutdown2.o(.ARM.Collect$$libshutdown$$00000010)
    __rt_lib_shutdown_signal_1               0x08000143   Thumb Code     0  libshutdown2.o(.ARM.Collect$$libshutdown$$0000000A)
    __rt_lib_shutdown_stdio_1                0x08000143   Thumb Code     0  libshutdown2.o(.ARM.Collect$$libshutdown$$00000004)
    __rt_lib_shutdown_user_alloc_1           0x08000143   Thumb Code     0  libshutdown2.o(.ARM.Collect$$libshutdown$$0000000C)
    __rt_entry                               0x08000145   Thumb Code     0  __rtentry.o(.ARM.Collect$$rtentry$$00000000)
    __rt_entry_presh_1                       0x08000145   Thumb Code     0  __rtentry2.o(.ARM.Collect$$rtentry$$00000002)
    __rt_entry_sh                            0x08000145   Thumb Code     0  __rtentry4.o(.ARM.Collect$$rtentry$$00000004)
    __rt_entry_li                            0x0800014b   Thumb Code     0  __rtentry2.o(.ARM.Collect$$rtentry$$0000000A)
    __rt_entry_postsh_1                      0x0800014b   Thumb Code     0  __rtentry2.o(.ARM.Collect$$rtentry$$00000009)
    __rt_entry_main                          0x0800014f   Thumb Code     0  __rtentry2.o(.ARM.Collect$$rtentry$$0000000D)
    __rt_entry_postli_1                      0x0800014f   Thumb Code     0  __rtentry2.o(.ARM.Collect$$rtentry$$0000000C)
    __rt_exit                                0x08000157   Thumb Code     0  rtexit.o(.ARM.Collect$$rtexit$$00000000)
    __rt_exit_ls                             0x08000159   Thumb Code     0  rtexit2.o(.ARM.Collect$$rtexit$$00000003)
    __rt_exit_prels_1                        0x08000159   Thumb Code     0  rtexit2.o(.ARM.Collect$$rtexit$$00000002)
    __rt_exit_exit                           0x0800015d   Thumb Code     0  rtexit2.o(.ARM.Collect$$rtexit$$00000004)
    Reset_Handler                            0x08000165   Thumb Code    38  startup_stm32f042x6.o(.text)
    NMI_Handler                              0x0800018b   Thumb Code     2  startup_stm32f042x6.o(.text)
    HardFault_Handler                        0x0800018d   Thumb Code     2  startup_stm32f042x6.o(.text)
    SVC_Handler                              0x0800018f   Thumb Code     2  startup_stm32f042x6.o(.text)
    PendSV_Handler                           0x08000191   Thumb Code     2  startup_stm32f042x6.o(.text)
    SysTick_Handler                          0x08000193   Thumb Code     2  startup_stm32f042x6.o(.text)
    DMA1_Channel1_IRQHandler                 0x08000195   Thumb Code     0  startup_stm32f042x6.o(.text)
    DMA1_Channel2_3_IRQHandler               0x08000195   Thumb Code     0  startup_stm32f042x6.o(.text)
    DMA1_Channel4_5_IRQHandler               0x08000195   Thumb Code     0  startup_stm32f042x6.o(.text)
    EXTI0_1_IRQHandler                       0x08000195   Thumb Code     0  startup_stm32f042x6.o(.text)
    EXTI2_3_IRQHandler                       0x08000195   Thumb Code     0  startup_stm32f042x6.o(.text)
    EXTI4_15_IRQHandler                      0x08000195   Thumb Code     0  startup_stm32f042x6.o(.text)
    FLASH_IRQHandler                         0x08000195   Thumb Code     0  startup_stm32f042x6.o(.text)
    I2C1_IRQHandler                          0x08000195   Thumb Code     0  startup_stm32f042x6.o(.text)
    PVD_VDDIO2_IRQHandler                    0x08000195   Thumb Code     0  startup_stm32f042x6.o(.text)
    RCC_CRS_IRQHandler                       0x08000195   Thumb Code     0  startup_stm32f042x6.o(.text)
    RTC_IRQHandler                           0x08000195   Thumb Code     0  startup_stm32f042x6.o(.text)
    SPI1_IRQHandler                          0x08000195   Thumb Code     0  startup_stm32f042x6.o(.text)
    SPI2_IRQHandler                          0x08000195   Thumb Code     0  startup_stm32f042x6.o(.text)
    TIM16_IRQHandler                         0x08000195   Thumb Code     0  startup_stm32f042x6.o(.text)
    TIM1_BRK_UP_TRG_COM_IRQHandler           0x08000195   Thumb Code     0  startup_stm32f042x6.o(.text)
    TIM1_CC_IRQHandler                       0x08000195   Thumb Code     0  startup_stm32f042x6.o(.text)
    TIM2_IRQHandler                          0x08000195   Thumb Code     0  startup_stm32f042x6.o(.text)
    TIM3_IRQHandler                          0x08000195   Thumb Code     0  startup_stm32f042x6.o(.text)
    TSC_IRQHandler                           0x08000195   Thumb Code     0  startup_stm32f042x6.o(.text)
    USART1_IRQHandler                        0x08000195   Thumb Code     0  startup_stm32f042x6.o(.text)
    USART2_IRQHandler                        0x08000195   Thumb Code     0  startup_stm32f042x6.o(.text)
    USB_IRQHandler                           0x08000195   Thumb Code     0  startup_stm32f042x6.o(.text)
    WWDG_IRQHandler                          0x08000195   Thumb Code     0  startup_stm32f042x6.o(.text)
    __user_initial_stackheap                 0x08000199   Thumb Code     0  startup_stm32f042x6.o(.text)
    __aeabi_uidiv                            0x080001d9   Thumb Code     0  aeabi_sdiv.o(.text)
    __aeabi_uidivmod                         0x080001d9   Thumb Code    20  aeabi_sdiv.o(.text)
    __aeabi_idiv                             0x080001ed   Thumb Code     0  aeabi_sdiv.o(.text)
    __aeabi_idivmod                          0x080001ed   Thumb Code   326  aeabi_sdiv.o(.text)
    __use_two_region_memory                  0x08000333   Thumb Code     2  heapauxi.o(.text)
    __rt_heap_escrow$2region                 0x08000335   Thumb Code     2  heapauxi.o(.text)
    __rt_heap_expand$2region                 0x08000337   Thumb Code     2  heapauxi.o(.text)
    __user_setup_stackheap                   0x08000339   Thumb Code    62  sys_stackheap_outer.o(.text)
    exit                                     0x08000377   Thumb Code    16  exit.o(.text)
    __user_libspace                          0x08000389   Thumb Code     8  libspace.o(.text)
    __user_perproc_libspace                  0x08000389   Thumb Code     0  libspace.o(.text)
    __user_perthread_libspace                0x08000389   Thumb Code     0  libspace.o(.text)
    _sys_exit                                0x08000391   Thumb Code     8  sys_exit.o(.text)
    __I$use$semihosting                      0x0800039d   Thumb Code     0  use_no_semi.o(.text)
    __use_no_semihosting_swi                 0x0800039d   Thumb Code     2  use_no_semi.o(.text)
    __semihosting_library_function           0x0800039f   Thumb Code     0  indicate_semi.o(.text)
    ADC1_IRQHandler                          0x080003a1   Thumb Code   658  adc.o(i.ADC1_IRQHandler)
    ADC_ChannelConfig                        0x08000675   Thumb Code    10  stm32f0xx_adc.o(i.ADC_ChannelConfig)
    ADC_ClearITPendingBit                    0x0800067f   Thumb Code     4  stm32f0xx_adc.o(i.ADC_ClearITPendingBit)
    ADC_Cmd                                  0x08000683   Thumb Code    24  stm32f0xx_adc.o(i.ADC_Cmd)
    ADC_GetCalibrationFactor                 0x0800069b   Thumb Code    46  stm32f0xx_adc.o(i.ADC_GetCalibrationFactor)
    ADC_GetFlagStatus                        0x080006c9   Thumb Code    28  stm32f0xx_adc.o(i.ADC_GetFlagStatus)
    ADC_GetITStatus                          0x080006e5   Thumb Code    22  stm32f0xx_adc.o(i.ADC_GetITStatus)
    ADC_ITConfig                             0x080006fb   Thumb Code    20  stm32f0xx_adc.o(i.ADC_ITConfig)
    ADC_Init                                 0x08000711   Thumb Code    38  stm32f0xx_adc.o(i.ADC_Init)
    ADC_StartOfConversion                    0x0800073d   Thumb Code    10  stm32f0xx_adc.o(i.ADC_StartOfConversion)
    ADC_StructInit                           0x08000747   Thumb Code    16  stm32f0xx_adc.o(i.ADC_StructInit)
    CAN_ClearITPendingBit                    0x08000759   Thumb Code   148  stm32f0xx_can.o(i.CAN_ClearITPendingBit)
    CAN_DeInit                               0x080007f1   Thumb Code    22  stm32f0xx_can.o(i.CAN_DeInit)
    CAN_FilterInit                           0x08000809   Thumb Code   180  stm32f0xx_can.o(i.CAN_FilterInit)
    CAN_GetITStatus                          0x080008c1   Thumb Code   244  stm32f0xx_can.o(i.CAN_GetITStatus)
    CAN_GetLastErrorCode                     0x080009b9   Thumb Code    10  stm32f0xx_can.o(i.CAN_GetLastErrorCode)
    CAN_ITConfig                             0x080009c3   Thumb Code    20  stm32f0xx_can.o(i.CAN_ITConfig)
    CAN_Init                                 0x080009d9   Thumb Code   246  stm32f0xx_can.o(i.CAN_Init)
    CAN_Receive                              0x08000ad5   Thumb Code   124  stm32f0xx_can.o(i.CAN_Receive)
    CAN_Transmit                             0x08000b51   Thumb Code   170  stm32f0xx_can.o(i.CAN_Transmit)
    CEC_CAN_IRQHandler                       0x08000bfd   Thumb Code    40  can.o(i.CEC_CAN_IRQHandler)
    GPIO_Init                                0x08000c35   Thumb Code   112  stm32f0xx_gpio.o(i.GPIO_Init)
    GPIO_PinAFConfig                         0x08000ca5   Thumb Code    32  stm32f0xx_gpio.o(i.GPIO_PinAFConfig)
    GPIO_ResetBits                           0x08000cc5   Thumb Code     4  stm32f0xx_gpio.o(i.GPIO_ResetBits)
    GPIO_SetBits                             0x08000cc9   Thumb Code     4  stm32f0xx_gpio.o(i.GPIO_SetBits)
    GPIO_StructInit                          0x08000ccd   Thumb Code    18  stm32f0xx_gpio.o(i.GPIO_StructInit)
    IWDG_Enable                              0x08000ce5   Thumb Code     8  stm32f0xx_iwdg.o(i.IWDG_Enable)
    IWDG_ReloadCounter                       0x08000cf5   Thumb Code     8  stm32f0xx_iwdg.o(i.IWDG_ReloadCounter)
    IWDG_SetPrescaler                        0x08000d05   Thumb Code     6  stm32f0xx_iwdg.o(i.IWDG_SetPrescaler)
    IWDG_SetReload                           0x08000d11   Thumb Code     6  stm32f0xx_iwdg.o(i.IWDG_SetReload)
    IWDG_WriteAccessCmd                      0x08000d1d   Thumb Code     6  stm32f0xx_iwdg.o(i.IWDG_WriteAccessCmd)
    Init_ADC                                 0x08000d29   Thumb Code    96  adc.o(i.Init_ADC)
    Init_CAN                                 0x08000d95   Thumb Code   134  can.o(i.Init_CAN)
    Init_GPIO                                0x08000e2d   Thumb Code   136  gpio.o(i.Init_GPIO)
    Init_IWDG                                0x08000ebd   Thumb Code    40  rcc.o(i.Init_IWDG)
    Init_RCC                                 0x08000eed   Thumb Code    72  rcc.o(i.Init_RCC)
    Init_Timer                               0x08000f35   Thumb Code    90  timer.o(i.Init_Timer)
    NVIC_Init                                0x08000fa5   Thumb Code    72  stm32f0xx_misc.o(i.NVIC_Init)
    RCC_AHBPeriphClockCmd                    0x08000ff5   Thumb Code    22  stm32f0xx_rcc.o(i.RCC_AHBPeriphClockCmd)
    RCC_APB1PeriphClockCmd                   0x08001011   Thumb Code    22  stm32f0xx_rcc.o(i.RCC_APB1PeriphClockCmd)
    RCC_APB1PeriphResetCmd                   0x0800102d   Thumb Code    22  stm32f0xx_rcc.o(i.RCC_APB1PeriphResetCmd)
    RCC_APB2PeriphClockCmd                   0x08001049   Thumb Code    22  stm32f0xx_rcc.o(i.RCC_APB2PeriphClockCmd)
    SystemInit                               0x080010fd   Thumb Code    84  system_stm32f0xx_1.o(i.SystemInit)
    TIM14_IRQHandler                         0x0800115d   Thumb Code    48  timer.o(i.TIM14_IRQHandler)
    TIM17_IRQHandler                         0x080011a1   Thumb Code    82  timer.o(i.TIM17_IRQHandler)
    flash_erase                              0x0800120d   Thumb Code    58  main.o(i.flash_erase)
    flash_prog_all                           0x08001251   Thumb Code    68  main.o(i.flash_prog_all)
    main                                     0x080012a1   Thumb Code   118  main.o(i.main)
    Region$$Table$$Base                      0x08001330   Number         0  anon$$obj.o(Region$$Table)
    Region$$Table$$Limit                     0x08001350   Number         0  anon$$obj.o(Region$$Table)
    level                                    0x20000000   Data           2  main.o(.data)
    min                                      0x20000002   Data           2  main.o(.data)
    max                                      0x20000004   Data           2  main.o(.data)
    koeff                                    0x20000006   Data           2  main.o(.data)
    koef_perc                                0x20000008   Data           2  main.o(.data)
    analog_tot                               0x2000000a   Data           2  main.o(.data)
    lvl_out                                  0x2000000c   Data           1  main.o(.data)
    can_ctrl                                 0x2000000d   Data           1  main.o(.data)
    can_error                                0x2000000e   Data           1  main.o(.data)
    can_error_mask                           0x2000000f   Data           1  main.o(.data)
    morg                                     0x20000010   Data           1  main.o(.data)
    press                                    0x20000011   Data           1  main.o(.data)
    w_morg                                   0x20000012   Data           1  main.o(.data)
    tmr                                      0x20000013   Data           1  main.o(.data)
    percent                                  0x20000014   Data           1  main.o(.data)
    analog_count                             0x20000015   Data           1  main.o(.data)
    GPIO_InitStructure                       0x20000018   Data           8  main.o(.data)
    NVIC_InitStructure                       0x20000020   Data           3  main.o(.data)
    TxMessage                                0x20000024   Data          20  main.o(.bss)
    CAN_InitStructure                        0x20000038   Data          12  main.o(.bss)
    CAN_FilterInitStructure                  0x20000044   Data          14  main.o(.bss)
    ADC_InitStructure                        0x20000054   Data          24  main.o(.bss)
    __libspace_start                         0x2000006c   Data          96  libspace.o(.bss)
    __temporary_stack_top$libspace           0x200000cc   Data           0  libspace.o(.bss)



==============================================================================

Memory Map of the image

  Image Entry point : 0x08000165

  Load Region LR_1 (Base: 0x08000000, Size: 0x00001374, Max: 0xffffffff, ABSOLUTE)

    Execution Region ER_RO (Exec base: 0x08000000, Load base: 0x08000000, Size: 0x00001350, Max: 0xffffffff, ABSOLUTE)

    Exec Addr    Load Addr    Size         Type   Attr      Idx    E Section Name        Object

    0x08000000   0x08000000   0x000000c0   Data   RO         1059    RESET               startup_stm32f042x6.o
    0x080000c0   0x080000c0   0x00000008   Code   RO         1109  * !!!main             c_p.l(__main.o)
    0x080000c8   0x080000c8   0x0000003c   Code   RO         1278    !!!scatter          c_p.l(__scatter.o)
    0x08000104   0x08000104   0x0000001a   Code   RO         1280    !!handler_copy      c_p.l(__scatter_copy.o)
    0x0800011e   0x0800011e   0x00000002   PAD
    0x08000120   0x08000120   0x0000001c   Code   RO         1282    !!handler_zi        c_p.l(__scatter_zi.o)
    0x0800013c   0x0800013c   0x00000002   Code   RO         1147    .ARM.Collect$$libinit$$00000000  c_p.l(libinit.o)
    0x0800013e   0x0800013e   0x00000000   Code   RO         1161    .ARM.Collect$$libinit$$00000002  c_p.l(libinit2.o)
    0x0800013e   0x0800013e   0x00000000   Code   RO         1163    .ARM.Collect$$libinit$$00000004  c_p.l(libinit2.o)
    0x0800013e   0x0800013e   0x00000000   Code   RO         1166    .ARM.Collect$$libinit$$0000000A  c_p.l(libinit2.o)
    0x0800013e   0x0800013e   0x00000000   Code   RO         1168    .ARM.Collect$$libinit$$0000000C  c_p.l(libinit2.o)
    0x0800013e   0x0800013e   0x00000000   Code   RO         1170    .ARM.Collect$$libinit$$0000000E  c_p.l(libinit2.o)
    0x0800013e   0x0800013e   0x00000000   Code   RO         1173    .ARM.Collect$$libinit$$00000011  c_p.l(libinit2.o)
    0x0800013e   0x0800013e   0x00000000   Code   RO         1175    .ARM.Collect$$libinit$$00000013  c_p.l(libinit2.o)
    0x0800013e   0x0800013e   0x00000000   Code   RO         1177    .ARM.Collect$$libinit$$00000015  c_p.l(libinit2.o)
    0x0800013e   0x0800013e   0x00000000   Code   RO         1179    .ARM.Collect$$libinit$$00000017  c_p.l(libinit2.o)
    0x0800013e   0x0800013e   0x00000000   Code   RO         1181    .ARM.Collect$$libinit$$00000019  c_p.l(libinit2.o)
    0x0800013e   0x0800013e   0x00000000   Code   RO         1183    .ARM.Collect$$libinit$$0000001B  c_p.l(libinit2.o)
    0x0800013e   0x0800013e   0x00000000   Code   RO         1185    .ARM.Collect$$libinit$$0000001D  c_p.l(libinit2.o)
    0x0800013e   0x0800013e   0x00000000   Code   RO         1187    .ARM.Collect$$libinit$$0000001F  c_p.l(libinit2.o)
    0x0800013e   0x0800013e   0x00000000   Code   RO         1189    .ARM.Collect$$libinit$$00000021  c_p.l(libinit2.o)
    0x0800013e   0x0800013e   0x00000000   Code   RO         1191    .ARM.Collect$$libinit$$00000023  c_p.l(libinit2.o)
    0x0800013e   0x0800013e   0x00000000   Code   RO         1193    .ARM.Collect$$libinit$$00000025  c_p.l(libinit2.o)
    0x0800013e   0x0800013e   0x00000000   Code   RO         1197    .ARM.Collect$$libinit$$0000002C  c_p.l(libinit2.o)
    0x0800013e   0x0800013e   0x00000000   Code   RO         1199    .ARM.Collect$$libinit$$0000002E  c_p.l(libinit2.o)
    0x0800013e   0x0800013e   0x00000000   Code   RO         1201    .ARM.Collect$$libinit$$00000030  c_p.l(libinit2.o)
    0x0800013e   0x0800013e   0x00000000   Code   RO         1203    .ARM.Collect$$libinit$$00000032  c_p.l(libinit2.o)
    0x0800013e   0x0800013e   0x00000002   Code   RO         1204    .ARM.Collect$$libinit$$00000033  c_p.l(libinit2.o)
    0x08000140   0x08000140   0x00000002   Code   RO         1235    .ARM.Collect$$libshutdown$$00000000  c_p.l(libshutdown.o)
    0x08000142   0x08000142   0x00000000   Code   RO         1261    .ARM.Collect$$libshutdown$$00000002  c_p.l(libshutdown2.o)
    0x08000142   0x08000142   0x00000000   Code   RO         1263    .ARM.Collect$$libshutdown$$00000004  c_p.l(libshutdown2.o)
    0x08000142   0x08000142   0x00000000   Code   RO         1266    .ARM.Collect$$libshutdown$$00000007  c_p.l(libshutdown2.o)
    0x08000142   0x08000142   0x00000000   Code   RO         1269    .ARM.Collect$$libshutdown$$0000000A  c_p.l(libshutdown2.o)
    0x08000142   0x08000142   0x00000000   Code   RO         1271    .ARM.Collect$$libshutdown$$0000000C  c_p.l(libshutdown2.o)
    0x08000142   0x08000142   0x00000000   Code   RO         1274    .ARM.Collect$$libshutdown$$0000000F  c_p.l(libshutdown2.o)
    0x08000142   0x08000142   0x00000002   Code   RO         1275    .ARM.Collect$$libshutdown$$00000010  c_p.l(libshutdown2.o)
    0x08000144   0x08000144   0x00000000   Code   RO         1111    .ARM.Collect$$rtentry$$00000000  c_p.l(__rtentry.o)
    0x08000144   0x08000144   0x00000000   Code   RO         1117    .ARM.Collect$$rtentry$$00000002  c_p.l(__rtentry2.o)
    0x08000144   0x08000144   0x00000006   Code   RO         1129    .ARM.Collect$$rtentry$$00000004  c_p.l(__rtentry4.o)
    0x0800014a   0x0800014a   0x00000000   Code   RO         1119    .ARM.Collect$$rtentry$$00000009  c_p.l(__rtentry2.o)
    0x0800014a   0x0800014a   0x00000004   Code   RO         1120    .ARM.Collect$$rtentry$$0000000A  c_p.l(__rtentry2.o)
    0x0800014e   0x0800014e   0x00000000   Code   RO         1122    .ARM.Collect$$rtentry$$0000000C  c_p.l(__rtentry2.o)
    0x0800014e   0x0800014e   0x00000008   Code   RO         1123    .ARM.Collect$$rtentry$$0000000D  c_p.l(__rtentry2.o)
    0x08000156   0x08000156   0x00000002   Code   RO         1152    .ARM.Collect$$rtexit$$00000000  c_p.l(rtexit.o)
    0x08000158   0x08000158   0x00000000   Code   RO         1208    .ARM.Collect$$rtexit$$00000002  c_p.l(rtexit2.o)
    0x08000158   0x08000158   0x00000004   Code   RO         1209    .ARM.Collect$$rtexit$$00000003  c_p.l(rtexit2.o)
    0x0800015c   0x0800015c   0x00000006   Code   RO         1210    .ARM.Collect$$rtexit$$00000004  c_p.l(rtexit2.o)
    0x08000162   0x08000162   0x00000002   PAD
    0x08000164   0x08000164   0x00000074   Code   RO         1060  * .text               startup_stm32f042x6.o
    0x080001d8   0x080001d8   0x0000015a   Code   RO         1103    .text               c_p.l(aeabi_sdiv.o)
    0x08000332   0x08000332   0x00000006   Code   RO         1107    .text               c_p.l(heapauxi.o)
    0x08000338   0x08000338   0x0000003e   Code   RO         1133    .text               c_p.l(sys_stackheap_outer.o)
    0x08000376   0x08000376   0x00000010   Code   RO         1136    .text               c_p.l(exit.o)
    0x08000386   0x08000386   0x00000002   PAD
    0x08000388   0x08000388   0x00000008   Code   RO         1148    .text               c_p.l(libspace.o)
    0x08000390   0x08000390   0x0000000c   Code   RO         1205    .text               c_p.l(sys_exit.o)
    0x0800039c   0x0800039c   0x00000002   Code   RO         1224    .text               c_p.l(use_no_semi.o)
    0x0800039e   0x0800039e   0x00000000   Code   RO         1226    .text               c_p.l(indicate_semi.o)
    0x0800039e   0x0800039e   0x00000002   PAD
    0x080003a0   0x080003a0   0x000002d4   Code   RO            3    i.ADC1_IRQHandler   adc.o
    0x08000674   0x08000674   0x0000000a   Code   RO          870    i.ADC_ChannelConfig  stm32f0xx_adc.o
    0x0800067e   0x0800067e   0x00000004   Code   RO          872    i.ADC_ClearITPendingBit  stm32f0xx_adc.o
    0x08000682   0x08000682   0x00000018   Code   RO          874    i.ADC_Cmd           stm32f0xx_adc.o
    0x0800069a   0x0800069a   0x0000002e   Code   RO          880    i.ADC_GetCalibrationFactor  stm32f0xx_adc.o
    0x080006c8   0x080006c8   0x0000001c   Code   RO          882    i.ADC_GetFlagStatus  stm32f0xx_adc.o
    0x080006e4   0x080006e4   0x00000016   Code   RO          883    i.ADC_GetITStatus   stm32f0xx_adc.o
    0x080006fa   0x080006fa   0x00000014   Code   RO          884    i.ADC_ITConfig      stm32f0xx_adc.o
    0x0800070e   0x0800070e   0x00000002   PAD
    0x08000710   0x08000710   0x0000002c   Code   RO          885    i.ADC_Init          stm32f0xx_adc.o
    0x0800073c   0x0800073c   0x0000000a   Code   RO          888    i.ADC_StartOfConversion  stm32f0xx_adc.o
    0x08000746   0x08000746   0x00000010   Code   RO          890    i.ADC_StructInit    stm32f0xx_adc.o
    0x08000756   0x08000756   0x00000002   PAD
    0x08000758   0x08000758   0x00000098   Code   RO          704    i.CAN_ClearITPendingBit  stm32f0xx_can.o
    0x080007f0   0x080007f0   0x00000016   Code   RO          706    i.CAN_DeInit        stm32f0xx_can.o
    0x08000806   0x08000806   0x00000002   PAD
    0x08000808   0x08000808   0x000000b8   Code   RO          708    i.CAN_FilterInit    stm32f0xx_can.o
    0x080008c0   0x080008c0   0x000000f8   Code   RO          710    i.CAN_GetITStatus   stm32f0xx_can.o
    0x080009b8   0x080009b8   0x0000000a   Code   RO          712    i.CAN_GetLastErrorCode  stm32f0xx_can.o
    0x080009c2   0x080009c2   0x00000014   Code   RO          714    i.CAN_ITConfig      stm32f0xx_can.o
    0x080009d6   0x080009d6   0x00000002   PAD
    0x080009d8   0x080009d8   0x000000fc   Code   RO          715    i.CAN_Init          stm32f0xx_can.o
    0x08000ad4   0x08000ad4   0x0000007c   Code   RO          718    i.CAN_Receive       stm32f0xx_can.o
    0x08000b50   0x08000b50   0x000000aa   Code   RO          723    i.CAN_Transmit      stm32f0xx_can.o
    0x08000bfa   0x08000bfa   0x00000002   PAD
    0x08000bfc   0x08000bfc   0x0000002c   Code   RO           94    i.CEC_CAN_IRQHandler  can.o
    0x08000c28   0x08000c28   0x0000000c   Code   RO          726    i.CheckITStatus     stm32f0xx_can.o
    0x08000c34   0x08000c34   0x00000070   Code   RO          611    i.GPIO_Init         stm32f0xx_gpio.o
    0x08000ca4   0x08000ca4   0x00000020   Code   RO          612    i.GPIO_PinAFConfig  stm32f0xx_gpio.o
    0x08000cc4   0x08000cc4   0x00000004   Code   RO          618    i.GPIO_ResetBits    stm32f0xx_gpio.o
    0x08000cc8   0x08000cc8   0x00000004   Code   RO          619    i.GPIO_SetBits      stm32f0xx_gpio.o
    0x08000ccc   0x08000ccc   0x00000018   Code   RO          620    i.GPIO_StructInit   stm32f0xx_gpio.o
    0x08000ce4   0x08000ce4   0x00000010   Code   RO          554    i.IWDG_Enable       stm32f0xx_iwdg.o
    0x08000cf4   0x08000cf4   0x00000010   Code   RO          556    i.IWDG_ReloadCounter  stm32f0xx_iwdg.o
    0x08000d04   0x08000d04   0x0000000c   Code   RO          557    i.IWDG_SetPrescaler  stm32f0xx_iwdg.o
    0x08000d10   0x08000d10   0x0000000c   Code   RO          558    i.IWDG_SetReload    stm32f0xx_iwdg.o
    0x08000d1c   0x08000d1c   0x0000000c   Code   RO          560    i.IWDG_WriteAccessCmd  stm32f0xx_iwdg.o
    0x08000d28   0x08000d28   0x0000006c   Code   RO            4    i.Init_ADC          adc.o
    0x08000d94   0x08000d94   0x00000098   Code   RO           95    i.Init_CAN          can.o
    0x08000e2c   0x08000e2c   0x00000090   Code   RO          120    i.Init_GPIO         gpio.o
    0x08000ebc   0x08000ebc   0x00000030   Code   RO          196    i.Init_IWDG         rcc.o
    0x08000eec   0x08000eec   0x00000048   Code   RO          197    i.Init_RCC          rcc.o
    0x08000f34   0x08000f34   0x00000070   Code   RO          222    i.Init_Timer        timer.o
    0x08000fa4   0x08000fa4   0x00000050   Code   RO          522    i.NVIC_Init         stm32f0xx_misc.o
    0x08000ff4   0x08000ff4   0x0000001c   Code   RO          261    i.RCC_AHBPeriphClockCmd  stm32f0xx_rcc.o
    0x08001010   0x08001010   0x0000001c   Code   RO          263    i.RCC_APB1PeriphClockCmd  stm32f0xx_rcc.o
    0x0800102c   0x0800102c   0x0000001c   Code   RO          264    i.RCC_APB1PeriphResetCmd  stm32f0xx_rcc.o
    0x08001048   0x08001048   0x0000001c   Code   RO          265    i.RCC_APB2PeriphClockCmd  stm32f0xx_rcc.o
    0x08001064   0x08001064   0x00000098   Code   RO         1066    i.SetSysClock       system_stm32f0xx_1.o
    0x080010fc   0x080010fc   0x00000060   Code   RO         1068    i.SystemInit        system_stm32f0xx_1.o
    0x0800115c   0x0800115c   0x00000044   Code   RO          223    i.TIM14_IRQHandler  timer.o
    0x080011a0   0x080011a0   0x0000006c   Code   RO          224    i.TIM17_IRQHandler  timer.o
    0x0800120c   0x0800120c   0x00000044   Code   RO          140    i.flash_erase       main.o
    0x08001250   0x08001250   0x00000050   Code   RO          141    i.flash_prog_all    main.o
    0x080012a0   0x080012a0   0x00000090   Code   RO          142    i.main              main.o
    0x08001330   0x08001330   0x00000020   Data   RO         1276    Region$$Table       anon$$obj.o


    Execution Region ER_RW (Exec base: 0x20000000, Load base: 0x08001350, Size: 0x00000024, Max: 0xffffffff, ABSOLUTE)

    Exec Addr    Load Addr    Size         Type   Attr      Idx    E Section Name        Object

    0x20000000   0x08001350   0x00000002   Data   RW          147    .data               main.o
    0x20000002   0x08001352   0x00000008   Data   RW          148    .data               main.o
    0x2000000a   0x0800135a   0x00000002   Data   RW          149    .data               main.o
    0x2000000c   0x0800135c   0x00000001   Data   RW          150    .data               main.o
    0x2000000d   0x0800135d   0x00000001   Data   RW          151    .data               main.o
    0x2000000e   0x0800135e   0x00000001   Data   RW          152    .data               main.o
    0x2000000f   0x0800135f   0x00000001   Data   RW          153    .data               main.o
    0x20000010   0x08001360   0x00000001   Data   RW          154    .data               main.o
    0x20000011   0x08001361   0x00000001   Data   RW          155    .data               main.o
    0x20000012   0x08001362   0x00000001   Data   RW          156    .data               main.o
    0x20000013   0x08001363   0x00000001   Data   RW          157    .data               main.o
    0x20000014   0x08001364   0x00000001   Data   RW          158    .data               main.o
    0x20000015   0x08001365   0x00000001   Data   RW          159    .data               main.o
    0x20000016   0x08001366   0x00000002   PAD
    0x20000018   0x08001368   0x00000008   Data   RW          160    .data               main.o
    0x20000020   0x08001370   0x00000003   Data   RW          161    .data               main.o


    Execution Region ER_ZI (Exec base: 0x20000024, Load base: 0x08001374, Size: 0x000006ac, Max: 0xffffffff, ABSOLUTE)

    Exec Addr    Load Addr    Size         Type   Attr      Idx    E Section Name        Object

    0x20000024        -       0x00000014   Zero   RW          143    .bss                main.o
    0x20000038        -       0x0000000c   Zero   RW          144    .bss                main.o
    0x20000044        -       0x0000000e   Zero   RW          145    .bss                main.o
    0x20000052   0x08001374   0x00000002   PAD
    0x20000054        -       0x00000018   Zero   RW          146    .bss                main.o
    0x2000006c        -       0x00000060   Zero   RW         1149    .bss                c_p.l(libspace.o)
    0x200000cc   0x08001374   0x00000004   PAD
    0x200000d0        -       0x00000200   Zero   RW         1058    HEAP                startup_stm32f042x6.o
    0x200002d0        -       0x00000400   Zero   RW         1057    STACK               startup_stm32f042x6.o


==============================================================================

Image component sizes


      Code (inc. data)   RO Data    RW Data    ZI Data      Debug   Object Name

       832         78          0          0          0     185385   adc.o
       196         22          0          0          0        964   can.o
       144          8          0          0          0        488   gpio.o
       292         48          0         33         70       2446   main.o
       120          8          0          0          0        847   rcc.o
       116         56        192          0       1536        664   startup_stm32f042x6.o
       224          6          0          0          0       5790   stm32f0xx_adc.o
      1194         18          0          0          0       7574   stm32f0xx_can.o
       176          6          0          0          0       2961   stm32f0xx_gpio.o
        68         34          0          0          0       2150   stm32f0xx_iwdg.o
        80          8          0          0          0        848   stm32f0xx_misc.o
       112         24          0          0          0       2111   stm32f0xx_rcc.o
       248         20          0          0          0       1401   system_stm32f0xx_1.o
       288         68          0          0          0       1347   timer.o

    ----------------------------------------------------------------------
      4100        404        224         36       1608     214976   Object Totals
         0          0         32          0          0          0   (incl. Generated)
        10          0          0          3          2          0   (incl. Padding)

    ----------------------------------------------------------------------

      Code (inc. data)   RO Data    RW Data    ZI Data      Debug   Library Member Name

         8          0          0          0          0         68   __main.o
         0          0          0          0          0          0   __rtentry.o
        12          0          0          0          0          0   __rtentry2.o
         6          0          0          0          0          0   __rtentry4.o
        60          8          0          0          0          0   __scatter.o
        26          0          0          0          0          0   __scatter_copy.o
        28          0          0          0          0          0   __scatter_zi.o
       346          0          0          0          0         92   aeabi_sdiv.o
        16          0          0          0          0         68   exit.o
         6          0          0          0          0        136   heapauxi.o
         0          0          0          0          0          0   indicate_semi.o
         2          0          0          0          0          0   libinit.o
         2          0          0          0          0          0   libinit2.o
         2          0          0          0          0          0   libshutdown.o
         2          0          0          0          0          0   libshutdown2.o
         8          4          0          0         96         68   libspace.o
         2          0          0          0          0          0   rtexit.o
        10          0          0          0          0          0   rtexit2.o
        12          4          0          0          0         60   sys_exit.o
        62          0          0          0          0         80   sys_stackheap_outer.o
         2          0          0          0          0         68   use_no_semi.o

    ----------------------------------------------------------------------
       620         16          0          0        100        640   Library Totals
         8          0          0          0          4          0   (incl. Padding)

    ----------------------------------------------------------------------

      Code (inc. data)   RO Data    RW Data    ZI Data      Debug   Library Name

       612         16          0          0         96        640   c_p.l

    ----------------------------------------------------------------------
       620         16          0          0        100        640   Library Totals

    ----------------------------------------------------------------------

==============================================================================


      Code (inc. data)   RO Data    RW Data    ZI Data      Debug   

      4720        420        224         36       1708     213404   Grand Totals
      4720        420        224         36       1708     213404   ELF Image Totals
      4720        420        224         36          0          0   ROM Totals

==============================================================================

    Total RO  Size (Code + RO Data)                 4944 (   4.83kB)
    Total RW  Size (RW Data + ZI Data)              1744 (   1.70kB)
    Total ROM Size (Code + RO Data + RW Data)       4980 (   4.86kB)

==============================================================================

